Component: ARM Compiler 5.05 update 1 (build 106) Tool: armlink [4d0efa]

==============================================================================

Section Cross References

    stm32f0xx_nucleo.o(i.BSP_LED_Init) refers to stm32f0xx_hal_gpio.o(i.HAL_GPIO_Init) for HAL_GPIO_Init
    stm32f0xx_nucleo.o(i.BSP_LED_Init) refers to stm32f0xx_nucleo.o(.constdata) for .constdata
    stm32f0xx_nucleo.o(i.BSP_LED_Init) refers to stm32f0xx_nucleo.o(.data) for .data
    stm32f0xx_nucleo.o(i.BSP_LED_Off) refers to stm32f0xx_hal_gpio.o(i.HAL_GPIO_WritePin) for HAL_GPIO_WritePin
    stm32f0xx_nucleo.o(i.BSP_LED_Off) refers to stm32f0xx_nucleo.o(.constdata) for .constdata
    stm32f0xx_nucleo.o(i.BSP_LED_Off) refers to stm32f0xx_nucleo.o(.data) for .data
    stm32f0xx_nucleo.o(i.BSP_LED_On) refers to stm32f0xx_hal_gpio.o(i.HAL_GPIO_WritePin) for HAL_GPIO_WritePin
    stm32f0xx_nucleo.o(i.BSP_LED_On) refers to stm32f0xx_nucleo.o(.constdata) for .constdata
    stm32f0xx_nucleo.o(i.BSP_LED_On) refers to stm32f0xx_nucleo.o(.data) for .data
    stm32f0xx_nucleo.o(i.BSP_LED_Toggle) refers to stm32f0xx_hal_gpio.o(i.HAL_GPIO_TogglePin) for HAL_GPIO_TogglePin
    stm32f0xx_nucleo.o(i.BSP_LED_Toggle) refers to stm32f0xx_nucleo.o(.constdata) for .constdata
    stm32f0xx_nucleo.o(i.BSP_LED_Toggle) refers to stm32f0xx_nucleo.o(.data) for .data
    stm32f0xx_nucleo.o(i.BSP_PB_GetState) refers to stm32f0xx_hal_gpio.o(i.HAL_GPIO_ReadPin) for HAL_GPIO_ReadPin
    stm32f0xx_nucleo.o(i.BSP_PB_GetState) refers to stm32f0xx_nucleo.o(.constdata) for .constdata
    stm32f0xx_nucleo.o(i.BSP_PB_GetState) refers to stm32f0xx_nucleo.o(.data) for .data
    stm32f0xx_nucleo.o(i.BSP_PB_Init) refers to stm32f0xx_hal_gpio.o(i.HAL_GPIO_Init) for HAL_GPIO_Init
    stm32f0xx_nucleo.o(i.BSP_PB_Init) refers to stm32f0xx_hal_cortex.o(i.HAL_NVIC_SetPriority) for HAL_NVIC_SetPriority
    stm32f0xx_nucleo.o(i.BSP_PB_Init) refers to stm32f0xx_hal_cortex.o(i.HAL_NVIC_EnableIRQ) for HAL_NVIC_EnableIRQ
    stm32f0xx_nucleo.o(i.BSP_PB_Init) refers to stm32f0xx_nucleo.o(.constdata) for .constdata
    stm32f0xx_nucleo.o(i.BSP_PB_Init) refers to stm32f0xx_nucleo.o(.data) for .data
    system_stm32f0xx.o(i.SystemCoreClockUpdate) refers to uidiv.o(.text) for __aeabi_uidivmod
    system_stm32f0xx.o(i.SystemCoreClockUpdate) refers to system_stm32f0xx.o(.data) for .data
    stm32f0xx_hal.o(i.HAL_DeInit) refers to stm32f0xx_hal.o(i.HAL_MspDeInit) for HAL_MspDeInit
    stm32f0xx_hal.o(i.HAL_Delay) refers to stm32f0xx_hal.o(i.HAL_GetTick) for HAL_GetTick
    stm32f0xx_hal.o(i.HAL_GetTick) refers to stm32f0xx_hal.o(.data) for .data
    stm32f0xx_hal.o(i.HAL_IncTick) refers to stm32f0xx_hal.o(.data) for .data
    stm32f0xx_hal.o(i.HAL_Init) refers to stm32f0xx_hal.o(i.HAL_InitTick) for HAL_InitTick
    stm32f0xx_hal.o(i.HAL_Init) refers to stm32f0xx_hal.o(i.HAL_MspInit) for HAL_MspInit
    stm32f0xx_hal.o(i.HAL_InitTick) refers to stm32f0xx_hal_rcc.o(i.HAL_RCC_GetHCLKFreq) for HAL_RCC_GetHCLKFreq
    stm32f0xx_hal.o(i.HAL_InitTick) refers to uidiv.o(.text) for __aeabi_uidivmod
    stm32f0xx_hal.o(i.HAL_InitTick) refers to stm32f0xx_hal_cortex.o(i.HAL_SYSTICK_Config) for HAL_SYSTICK_Config
    stm32f0xx_hal.o(i.HAL_InitTick) refers to stm32f0xx_hal_cortex.o(i.HAL_NVIC_SetPriority) for HAL_NVIC_SetPriority
    stm32f0xx_hal_cortex.o(i.HAL_NVIC_SetPriority) refers to stm32f0xx_hal_cortex.o(i.NVIC_SetPriority) for NVIC_SetPriority
    stm32f0xx_hal_cortex.o(i.HAL_SYSTICK_Config) refers to stm32f0xx_hal_cortex.o(i.NVIC_SetPriority) for NVIC_SetPriority
    stm32f0xx_hal_cortex.o(i.HAL_SYSTICK_IRQHandler) refers to stm32f0xx_hal_cortex.o(i.HAL_SYSTICK_Callback) for HAL_SYSTICK_Callback
    stm32f0xx_hal_dma.o(i.HAL_DMA_Abort) refers to stm32f0xx_hal.o(i.HAL_GetTick) for HAL_GetTick
    stm32f0xx_hal_dma.o(i.HAL_DMA_PollForTransfer) refers to stm32f0xx_hal.o(i.HAL_GetTick) for HAL_GetTick
    stm32f0xx_hal_dma.o(i.HAL_DMA_Start) refers to stm32f0xx_hal_dma.o(i.DMA_SetConfig) for DMA_SetConfig
    stm32f0xx_hal_dma.o(i.HAL_DMA_Start_IT) refers to stm32f0xx_hal_dma.o(i.DMA_SetConfig) for DMA_SetConfig
    stm32f0xx_hal_gpio.o(i.HAL_GPIO_EXTI_IRQHandler) refers to stm32f0xx_hal_gpio.o(i.HAL_GPIO_EXTI_Callback) for HAL_GPIO_EXTI_Callback
    stm32f0xx_hal_rcc.o(i.HAL_RCC_GetHCLKFreq) refers to stm32f0xx_hal_rcc_ex.o(i.HAL_RCC_GetSysClockFreq) for HAL_RCC_GetSysClockFreq
    stm32f0xx_hal_rcc.o(i.HAL_RCC_GetHCLKFreq) refers to stm32f0xx_hal_rcc.o(.constdata) for .constdata
    stm32f0xx_hal_rcc.o(i.HAL_RCC_GetHCLKFreq) refers to system_stm32f0xx.o(.data) for SystemCoreClock
    stm32f0xx_hal_rcc.o(i.HAL_RCC_GetPCLK1Freq) refers to stm32f0xx_hal_rcc.o(i.HAL_RCC_GetHCLKFreq) for HAL_RCC_GetHCLKFreq
    stm32f0xx_hal_rcc.o(i.HAL_RCC_GetPCLK1Freq) refers to stm32f0xx_hal_rcc.o(.constdata) for .constdata
    stm32f0xx_hal_rcc.o(i.HAL_RCC_MCOConfig) refers to stm32f0xx_hal_gpio.o(i.HAL_GPIO_Init) for HAL_GPIO_Init
    stm32f0xx_hal_rcc.o(i.HAL_RCC_NMI_IRQHandler) refers to stm32f0xx_hal_rcc.o(i.HAL_RCC_CCSCallback) for HAL_RCC_CCSCallback
    stm32f0xx_hal_rcc_ex.o(i.HAL_RCCEx_CRSWaitSynchronization) refers to stm32f0xx_hal.o(i.HAL_GetTick) for HAL_GetTick
    stm32f0xx_hal_rcc_ex.o(i.HAL_RCCEx_PeriphCLKConfig) refers to stm32f0xx_hal.o(i.HAL_GetTick) for HAL_GetTick
    stm32f0xx_hal_rcc_ex.o(i.HAL_RCC_ClockConfig) refers to stm32f0xx_hal.o(i.HAL_GetTick) for HAL_GetTick
    stm32f0xx_hal_rcc_ex.o(i.HAL_RCC_ClockConfig) refers to stm32f0xx_hal.o(i.HAL_InitTick) for HAL_InitTick
    stm32f0xx_hal_rcc_ex.o(i.HAL_RCC_GetSysClockFreq) refers to uidiv.o(.text) for __aeabi_uidivmod
    stm32f0xx_hal_rcc_ex.o(i.HAL_RCC_GetSysClockFreq) refers to stm32f0xx_hal_rcc_ex.o(.constdata) for .constdata
    stm32f0xx_hal_rcc_ex.o(i.HAL_RCC_OscConfig) refers to stm32f0xx_hal.o(i.HAL_GetTick) for HAL_GetTick
    stm32f0xx_hal_tim.o(i.HAL_TIM_Base_DeInit) refers to stm32f0xx_hal_tim.o(i.HAL_TIM_Base_MspDeInit) for HAL_TIM_Base_MspDeInit
    stm32f0xx_hal_tim.o(i.HAL_TIM_Base_Init) refers to stm32f0xx_hal_msp.o(i.HAL_TIM_Base_MspInit) for HAL_TIM_Base_MspInit
    stm32f0xx_hal_tim.o(i.HAL_TIM_Base_Init) refers to stm32f0xx_hal_tim.o(i.TIM_Base_SetConfig) for TIM_Base_SetConfig
    stm32f0xx_hal_tim.o(i.HAL_TIM_Base_Start_DMA) refers to stm32f0xx_hal_dma.o(i.HAL_DMA_Start_IT) for HAL_DMA_Start_IT
    stm32f0xx_hal_tim.o(i.HAL_TIM_Base_Start_DMA) refers to stm32f0xx_hal_tim.o(i.TIM_DMAPeriodElapsedCplt) for TIM_DMAPeriodElapsedCplt
    stm32f0xx_hal_tim.o(i.HAL_TIM_Base_Start_DMA) refers to stm32f0xx_hal_tim.o(i.HAL_TIM_DMAError) for HAL_TIM_DMAError
    stm32f0xx_hal_tim.o(i.HAL_TIM_ConfigClockSource) refers to stm32f0xx_hal_tim.o(i.TIM_ETR_SetConfig) for TIM_ETR_SetConfig
    stm32f0xx_hal_tim.o(i.HAL_TIM_ConfigClockSource) refers to stm32f0xx_hal_tim.o(i.TIM_TI1_ConfigInputStage) for TIM_TI1_ConfigInputStage
    stm32f0xx_hal_tim.o(i.HAL_TIM_ConfigClockSource) refers to stm32f0xx_hal_tim.o(i.TIM_TI2_ConfigInputStage) for TIM_TI2_ConfigInputStage
    stm32f0xx_hal_tim.o(i.HAL_TIM_ConfigClockSource) refers to stm32f0xx_hal_tim.o(i.TIM_ITRx_SetConfig) for TIM_ITRx_SetConfig
    stm32f0xx_hal_tim.o(i.HAL_TIM_ConfigOCrefClear) refers to stm32f0xx_hal_tim.o(i.TIM_ETR_SetConfig) for TIM_ETR_SetConfig
    stm32f0xx_hal_tim.o(i.HAL_TIM_DMABurst_ReadStart) refers to stm32f0xx_hal_dma.o(i.HAL_DMA_Start_IT) for HAL_DMA_Start_IT
    stm32f0xx_hal_tim.o(i.HAL_TIM_DMABurst_ReadStart) refers to stm32f0xx_hal_tim.o(i.HAL_TIM_DMAError) for HAL_TIM_DMAError
    stm32f0xx_hal_tim.o(i.HAL_TIM_DMABurst_ReadStart) refers to stm32f0xx_hal_tim.o(i.TIM_DMATriggerCplt) for TIM_DMATriggerCplt
    stm32f0xx_hal_tim.o(i.HAL_TIM_DMABurst_ReadStart) refers to stm32f0xx_hal_tim.o(i.TIM_DMAPeriodElapsedCplt) for TIM_DMAPeriodElapsedCplt
    stm32f0xx_hal_tim.o(i.HAL_TIM_DMABurst_ReadStart) refers to stm32f0xx_hal_tim.o(i.HAL_TIM_DMACaptureCplt) for HAL_TIM_DMACaptureCplt
    stm32f0xx_hal_tim.o(i.HAL_TIM_DMABurst_ReadStart) refers to stm32f0xx_hal_tim_ex.o(i.HAL_TIMEx_DMACommutationCplt) for HAL_TIMEx_DMACommutationCplt
    stm32f0xx_hal_tim.o(i.HAL_TIM_DMABurst_ReadStop) refers to stm32f0xx_hal_dma.o(i.HAL_DMA_Abort) for HAL_DMA_Abort
    stm32f0xx_hal_tim.o(i.HAL_TIM_DMABurst_WriteStart) refers to stm32f0xx_hal_dma.o(i.HAL_DMA_Start_IT) for HAL_DMA_Start_IT
    stm32f0xx_hal_tim.o(i.HAL_TIM_DMABurst_WriteStart) refers to stm32f0xx_hal_tim.o(i.HAL_TIM_DMAError) for HAL_TIM_DMAError
    stm32f0xx_hal_tim.o(i.HAL_TIM_DMABurst_WriteStart) refers to stm32f0xx_hal_tim.o(i.TIM_DMATriggerCplt) for TIM_DMATriggerCplt
    stm32f0xx_hal_tim.o(i.HAL_TIM_DMABurst_WriteStart) refers to stm32f0xx_hal_tim.o(i.TIM_DMAPeriodElapsedCplt) for TIM_DMAPeriodElapsedCplt
    stm32f0xx_hal_tim.o(i.HAL_TIM_DMABurst_WriteStart) refers to stm32f0xx_hal_tim.o(i.HAL_TIM_DMADelayPulseCplt) for HAL_TIM_DMADelayPulseCplt
    stm32f0xx_hal_tim.o(i.HAL_TIM_DMABurst_WriteStart) refers to stm32f0xx_hal_tim_ex.o(i.HAL_TIMEx_DMACommutationCplt) for HAL_TIMEx_DMACommutationCplt
    stm32f0xx_hal_tim.o(i.HAL_TIM_DMABurst_WriteStop) refers to stm32f0xx_hal_dma.o(i.HAL_DMA_Abort) for HAL_DMA_Abort
    stm32f0xx_hal_tim.o(i.HAL_TIM_DMACaptureCplt) refers to stm32f0xx_hal_tim.o(i.HAL_TIM_IC_CaptureCallback) for HAL_TIM_IC_CaptureCallback
    stm32f0xx_hal_tim.o(i.HAL_TIM_DMADelayPulseCplt) refers to stm32f0xx_hal_tim.o(i.HAL_TIM_PWM_PulseFinishedCallback) for HAL_TIM_PWM_PulseFinishedCallback
    stm32f0xx_hal_tim.o(i.HAL_TIM_DMAError) refers to stm32f0xx_hal_tim.o(i.HAL_TIM_ErrorCallback) for HAL_TIM_ErrorCallback
    stm32f0xx_hal_tim.o(i.HAL_TIM_Encoder_DeInit) refers to stm32f0xx_hal_tim.o(i.HAL_TIM_Encoder_MspDeInit) for HAL_TIM_Encoder_MspDeInit
    stm32f0xx_hal_tim.o(i.HAL_TIM_Encoder_Init) refers to stm32f0xx_hal_tim.o(i.HAL_TIM_Encoder_MspInit) for HAL_TIM_Encoder_MspInit
    stm32f0xx_hal_tim.o(i.HAL_TIM_Encoder_Init) refers to stm32f0xx_hal_tim.o(i.TIM_Base_SetConfig) for TIM_Base_SetConfig
    stm32f0xx_hal_tim.o(i.HAL_TIM_Encoder_Start) refers to stm32f0xx_hal_tim.o(i.TIM_CCxChannelCmd) for TIM_CCxChannelCmd
    stm32f0xx_hal_tim.o(i.HAL_TIM_Encoder_Start_DMA) refers to stm32f0xx_hal_dma.o(i.HAL_DMA_Start_IT) for HAL_DMA_Start_IT
    stm32f0xx_hal_tim.o(i.HAL_TIM_Encoder_Start_DMA) refers to stm32f0xx_hal_tim.o(i.TIM_CCxChannelCmd) for TIM_CCxChannelCmd
    stm32f0xx_hal_tim.o(i.HAL_TIM_Encoder_Start_DMA) refers to stm32f0xx_hal_tim.o(i.HAL_TIM_DMACaptureCplt) for HAL_TIM_DMACaptureCplt
    stm32f0xx_hal_tim.o(i.HAL_TIM_Encoder_Start_DMA) refers to stm32f0xx_hal_tim.o(i.HAL_TIM_DMAError) for HAL_TIM_DMAError
    stm32f0xx_hal_tim.o(i.HAL_TIM_Encoder_Start_IT) refers to stm32f0xx_hal_tim.o(i.TIM_CCxChannelCmd) for TIM_CCxChannelCmd
    stm32f0xx_hal_tim.o(i.HAL_TIM_Encoder_Stop) refers to stm32f0xx_hal_tim.o(i.TIM_CCxChannelCmd) for TIM_CCxChannelCmd
    stm32f0xx_hal_tim.o(i.HAL_TIM_Encoder_Stop_DMA) refers to stm32f0xx_hal_tim.o(i.TIM_CCxChannelCmd) for TIM_CCxChannelCmd
    stm32f0xx_hal_tim.o(i.HAL_TIM_Encoder_Stop_IT) refers to stm32f0xx_hal_tim.o(i.TIM_CCxChannelCmd) for TIM_CCxChannelCmd
    stm32f0xx_hal_tim.o(i.HAL_TIM_IC_ConfigChannel) refers to stm32f0xx_hal_tim.o(i.TIM_TI1_SetConfig) for TIM_TI1_SetConfig
    stm32f0xx_hal_tim.o(i.HAL_TIM_IC_ConfigChannel) refers to stm32f0xx_hal_tim.o(i.TIM_TI2_SetConfig) for TIM_TI2_SetConfig
    stm32f0xx_hal_tim.o(i.HAL_TIM_IC_DeInit) refers to stm32f0xx_hal_tim.o(i.HAL_TIM_IC_MspDeInit) for HAL_TIM_IC_MspDeInit
    stm32f0xx_hal_tim.o(i.HAL_TIM_IC_Init) refers to stm32f0xx_hal_tim.o(i.HAL_TIM_IC_MspInit) for HAL_TIM_IC_MspInit
    stm32f0xx_hal_tim.o(i.HAL_TIM_IC_Init) refers to stm32f0xx_hal_tim.o(i.TIM_Base_SetConfig) for TIM_Base_SetConfig
    stm32f0xx_hal_tim.o(i.HAL_TIM_IC_Start) refers to stm32f0xx_hal_tim.o(i.TIM_CCxChannelCmd) for TIM_CCxChannelCmd
    stm32f0xx_hal_tim.o(i.HAL_TIM_IC_Start_DMA) refers to stm32f0xx_hal_dma.o(i.HAL_DMA_Start_IT) for HAL_DMA_Start_IT
    stm32f0xx_hal_tim.o(i.HAL_TIM_IC_Start_DMA) refers to stm32f0xx_hal_tim.o(i.TIM_CCxChannelCmd) for TIM_CCxChannelCmd
    stm32f0xx_hal_tim.o(i.HAL_TIM_IC_Start_DMA) refers to stm32f0xx_hal_tim.o(i.HAL_TIM_DMACaptureCplt) for HAL_TIM_DMACaptureCplt
    stm32f0xx_hal_tim.o(i.HAL_TIM_IC_Start_DMA) refers to stm32f0xx_hal_tim.o(i.HAL_TIM_DMAError) for HAL_TIM_DMAError
    stm32f0xx_hal_tim.o(i.HAL_TIM_IC_Start_IT) refers to stm32f0xx_hal_tim.o(i.TIM_CCxChannelCmd) for TIM_CCxChannelCmd
    stm32f0xx_hal_tim.o(i.HAL_TIM_IC_Stop) refers to stm32f0xx_hal_tim.o(i.TIM_CCxChannelCmd) for TIM_CCxChannelCmd
    stm32f0xx_hal_tim.o(i.HAL_TIM_IC_Stop_DMA) refers to stm32f0xx_hal_tim.o(i.TIM_CCxChannelCmd) for TIM_CCxChannelCmd
    stm32f0xx_hal_tim.o(i.HAL_TIM_IC_Stop_IT) refers to stm32f0xx_hal_tim.o(i.TIM_CCxChannelCmd) for TIM_CCxChannelCmd
    stm32f0xx_hal_tim.o(i.HAL_TIM_IRQHandler) refers to stm32f0xx_hal_tim.o(i.HAL_TIM_IC_CaptureCallback) for HAL_TIM_IC_CaptureCallback
    stm32f0xx_hal_tim.o(i.HAL_TIM_IRQHandler) refers to stm32f0xx_hal_tim.o(i.HAL_TIM_OC_DelayElapsedCallback) for HAL_TIM_OC_DelayElapsedCallback
    stm32f0xx_hal_tim.o(i.HAL_TIM_IRQHandler) refers to stm32f0xx_hal_tim.o(i.HAL_TIM_PWM_PulseFinishedCallback) for HAL_TIM_PWM_PulseFinishedCallback
    stm32f0xx_hal_tim.o(i.HAL_TIM_IRQHandler) refers to main.o(i.HAL_TIM_PeriodElapsedCallback) for HAL_TIM_PeriodElapsedCallback
    stm32f0xx_hal_tim.o(i.HAL_TIM_IRQHandler) refers to stm32f0xx_hal_tim_ex.o(i.HAL_TIMEx_BreakCallback) for HAL_TIMEx_BreakCallback
    stm32f0xx_hal_tim.o(i.HAL_TIM_IRQHandler) refers to stm32f0xx_hal_tim.o(i.HAL_TIM_TriggerCallback) for HAL_TIM_TriggerCallback
    stm32f0xx_hal_tim.o(i.HAL_TIM_IRQHandler) refers to stm32f0xx_hal_tim_ex.o(i.HAL_TIMEx_CommutationCallback) for HAL_TIMEx_CommutationCallback
    stm32f0xx_hal_tim.o(i.HAL_TIM_OC_ConfigChannel) refers to stm32f0xx_hal_tim.o(i.TIM_OC1_SetConfig) for TIM_OC1_SetConfig
    stm32f0xx_hal_tim.o(i.HAL_TIM_OC_ConfigChannel) refers to stm32f0xx_hal_tim.o(i.TIM_OC2_SetConfig) for TIM_OC2_SetConfig
    stm32f0xx_hal_tim.o(i.HAL_TIM_OC_ConfigChannel) refers to stm32f0xx_hal_tim.o(i.TIM_OC3_SetConfig) for TIM_OC3_SetConfig
    stm32f0xx_hal_tim.o(i.HAL_TIM_OC_ConfigChannel) refers to stm32f0xx_hal_tim.o(i.TIM_OC4_SetConfig) for TIM_OC4_SetConfig
    stm32f0xx_hal_tim.o(i.HAL_TIM_OC_DeInit) refers to stm32f0xx_hal_tim.o(i.HAL_TIM_OC_MspDeInit) for HAL_TIM_OC_MspDeInit
    stm32f0xx_hal_tim.o(i.HAL_TIM_OC_Init) refers to stm32f0xx_hal_tim.o(i.HAL_TIM_OC_MspInit) for HAL_TIM_OC_MspInit
    stm32f0xx_hal_tim.o(i.HAL_TIM_OC_Init) refers to stm32f0xx_hal_tim.o(i.TIM_Base_SetConfig) for TIM_Base_SetConfig
    stm32f0xx_hal_tim.o(i.HAL_TIM_OC_Start) refers to stm32f0xx_hal_tim.o(i.TIM_CCxChannelCmd) for TIM_CCxChannelCmd
    stm32f0xx_hal_tim.o(i.HAL_TIM_OC_Start_DMA) refers to stm32f0xx_hal_dma.o(i.HAL_DMA_Start_IT) for HAL_DMA_Start_IT
    stm32f0xx_hal_tim.o(i.HAL_TIM_OC_Start_DMA) refers to stm32f0xx_hal_tim.o(i.TIM_CCxChannelCmd) for TIM_CCxChannelCmd
    stm32f0xx_hal_tim.o(i.HAL_TIM_OC_Start_DMA) refers to stm32f0xx_hal_tim.o(i.HAL_TIM_DMADelayPulseCplt) for HAL_TIM_DMADelayPulseCplt
    stm32f0xx_hal_tim.o(i.HAL_TIM_OC_Start_DMA) refers to stm32f0xx_hal_tim.o(i.HAL_TIM_DMAError) for HAL_TIM_DMAError
    stm32f0xx_hal_tim.o(i.HAL_TIM_OC_Start_IT) refers to stm32f0xx_hal_tim.o(i.TIM_CCxChannelCmd) for TIM_CCxChannelCmd
    stm32f0xx_hal_tim.o(i.HAL_TIM_OC_Stop) refers to stm32f0xx_hal_tim.o(i.TIM_CCxChannelCmd) for TIM_CCxChannelCmd
    stm32f0xx_hal_tim.o(i.HAL_TIM_OC_Stop_DMA) refers to stm32f0xx_hal_tim.o(i.TIM_CCxChannelCmd) for TIM_CCxChannelCmd
    stm32f0xx_hal_tim.o(i.HAL_TIM_OC_Stop_IT) refers to stm32f0xx_hal_tim.o(i.TIM_CCxChannelCmd) for TIM_CCxChannelCmd
    stm32f0xx_hal_tim.o(i.HAL_TIM_OnePulse_ConfigChannel) refers to stm32f0xx_hal_tim.o(i.TIM_OC1_SetConfig) for TIM_OC1_SetConfig
    stm32f0xx_hal_tim.o(i.HAL_TIM_OnePulse_ConfigChannel) refers to stm32f0xx_hal_tim.o(i.TIM_OC2_SetConfig) for TIM_OC2_SetConfig
    stm32f0xx_hal_tim.o(i.HAL_TIM_OnePulse_ConfigChannel) refers to stm32f0xx_hal_tim.o(i.TIM_TI1_SetConfig) for TIM_TI1_SetConfig
    stm32f0xx_hal_tim.o(i.HAL_TIM_OnePulse_ConfigChannel) refers to stm32f0xx_hal_tim.o(i.TIM_TI2_SetConfig) for TIM_TI2_SetConfig
    stm32f0xx_hal_tim.o(i.HAL_TIM_OnePulse_DeInit) refers to stm32f0xx_hal_tim.o(i.HAL_TIM_OnePulse_MspDeInit) for HAL_TIM_OnePulse_MspDeInit
    stm32f0xx_hal_tim.o(i.HAL_TIM_OnePulse_Init) refers to stm32f0xx_hal_tim.o(i.HAL_TIM_OnePulse_MspInit) for HAL_TIM_OnePulse_MspInit
    stm32f0xx_hal_tim.o(i.HAL_TIM_OnePulse_Init) refers to stm32f0xx_hal_tim.o(i.TIM_Base_SetConfig) for TIM_Base_SetConfig
    stm32f0xx_hal_tim.o(i.HAL_TIM_OnePulse_Start) refers to stm32f0xx_hal_tim.o(i.TIM_CCxChannelCmd) for TIM_CCxChannelCmd
    stm32f0xx_hal_tim.o(i.HAL_TIM_OnePulse_Start_IT) refers to stm32f0xx_hal_tim.o(i.TIM_CCxChannelCmd) for TIM_CCxChannelCmd
    stm32f0xx_hal_tim.o(i.HAL_TIM_OnePulse_Stop) refers to stm32f0xx_hal_tim.o(i.TIM_CCxChannelCmd) for TIM_CCxChannelCmd
    stm32f0xx_hal_tim.o(i.HAL_TIM_OnePulse_Stop_IT) refers to stm32f0xx_hal_tim.o(i.TIM_CCxChannelCmd) for TIM_CCxChannelCmd
    stm32f0xx_hal_tim.o(i.HAL_TIM_PWM_ConfigChannel) refers to stm32f0xx_hal_tim.o(i.TIM_OC1_SetConfig) for TIM_OC1_SetConfig
    stm32f0xx_hal_tim.o(i.HAL_TIM_PWM_ConfigChannel) refers to stm32f0xx_hal_tim.o(i.TIM_OC2_SetConfig) for TIM_OC2_SetConfig
    stm32f0xx_hal_tim.o(i.HAL_TIM_PWM_ConfigChannel) refers to stm32f0xx_hal_tim.o(i.TIM_OC3_SetConfig) for TIM_OC3_SetConfig
    stm32f0xx_hal_tim.o(i.HAL_TIM_PWM_ConfigChannel) refers to stm32f0xx_hal_tim.o(i.TIM_OC4_SetConfig) for TIM_OC4_SetConfig
    stm32f0xx_hal_tim.o(i.HAL_TIM_PWM_DeInit) refers to stm32f0xx_hal_tim.o(i.HAL_TIM_PWM_MspDeInit) for HAL_TIM_PWM_MspDeInit
    stm32f0xx_hal_tim.o(i.HAL_TIM_PWM_Init) refers to stm32f0xx_hal_tim.o(i.HAL_TIM_PWM_MspInit) for HAL_TIM_PWM_MspInit
    stm32f0xx_hal_tim.o(i.HAL_TIM_PWM_Init) refers to stm32f0xx_hal_tim.o(i.TIM_Base_SetConfig) for TIM_Base_SetConfig
    stm32f0xx_hal_tim.o(i.HAL_TIM_PWM_Start) refers to stm32f0xx_hal_tim.o(i.TIM_CCxChannelCmd) for TIM_CCxChannelCmd
    stm32f0xx_hal_tim.o(i.HAL_TIM_PWM_Start_DMA) refers to stm32f0xx_hal_dma.o(i.HAL_DMA_Start_IT) for HAL_DMA_Start_IT
    stm32f0xx_hal_tim.o(i.HAL_TIM_PWM_Start_DMA) refers to stm32f0xx_hal_tim.o(i.TIM_CCxChannelCmd) for TIM_CCxChannelCmd
    stm32f0xx_hal_tim.o(i.HAL_TIM_PWM_Start_DMA) refers to stm32f0xx_hal_tim.o(i.HAL_TIM_DMADelayPulseCplt) for HAL_TIM_DMADelayPulseCplt
    stm32f0xx_hal_tim.o(i.HAL_TIM_PWM_Start_DMA) refers to stm32f0xx_hal_tim.o(i.HAL_TIM_DMAError) for HAL_TIM_DMAError
    stm32f0xx_hal_tim.o(i.HAL_TIM_PWM_Start_IT) refers to stm32f0xx_hal_tim.o(i.TIM_CCxChannelCmd) for TIM_CCxChannelCmd
    stm32f0xx_hal_tim.o(i.HAL_TIM_PWM_Stop) refers to stm32f0xx_hal_tim.o(i.TIM_CCxChannelCmd) for TIM_CCxChannelCmd
    stm32f0xx_hal_tim.o(i.HAL_TIM_PWM_Stop_DMA) refers to stm32f0xx_hal_tim.o(i.TIM_CCxChannelCmd) for TIM_CCxChannelCmd
    stm32f0xx_hal_tim.o(i.HAL_TIM_PWM_Stop_IT) refers to stm32f0xx_hal_tim.o(i.TIM_CCxChannelCmd) for TIM_CCxChannelCmd
    stm32f0xx_hal_tim.o(i.HAL_TIM_SlaveConfigSynchronization) refers to stm32f0xx_hal_tim.o(i.TIM_SlaveTimer_SetConfig) for TIM_SlaveTimer_SetConfig
    stm32f0xx_hal_tim.o(i.HAL_TIM_SlaveConfigSynchronization_IT) refers to stm32f0xx_hal_tim.o(i.TIM_SlaveTimer_SetConfig) for TIM_SlaveTimer_SetConfig
    stm32f0xx_hal_tim.o(i.TIM_DMAPeriodElapsedCplt) refers to main.o(i.HAL_TIM_PeriodElapsedCallback) for HAL_TIM_PeriodElapsedCallback
    stm32f0xx_hal_tim.o(i.TIM_DMATriggerCplt) refers to stm32f0xx_hal_tim.o(i.HAL_TIM_TriggerCallback) for HAL_TIM_TriggerCallback
    stm32f0xx_hal_tim.o(i.TIM_SlaveTimer_SetConfig) refers to stm32f0xx_hal_tim.o(i.__ARM_common_switch8) for __ARM_common_switch8
    stm32f0xx_hal_tim.o(i.TIM_SlaveTimer_SetConfig) refers to stm32f0xx_hal_tim.o(i.TIM_ETR_SetConfig) for TIM_ETR_SetConfig
    stm32f0xx_hal_tim.o(i.TIM_SlaveTimer_SetConfig) refers to stm32f0xx_hal_tim.o(i.TIM_TI1_ConfigInputStage) for TIM_TI1_ConfigInputStage
    stm32f0xx_hal_tim.o(i.TIM_SlaveTimer_SetConfig) refers to stm32f0xx_hal_tim.o(i.TIM_TI2_ConfigInputStage) for TIM_TI2_ConfigInputStage
    stm32f0xx_hal_tim_ex.o(i.HAL_TIMEx_ConfigCommutationEvent_DMA) refers to stm32f0xx_hal_tim_ex.o(i.HAL_TIMEx_DMACommutationCplt) for HAL_TIMEx_DMACommutationCplt
    stm32f0xx_hal_tim_ex.o(i.HAL_TIMEx_ConfigCommutationEvent_DMA) refers to stm32f0xx_hal_tim.o(i.HAL_TIM_DMAError) for HAL_TIM_DMAError
    stm32f0xx_hal_tim_ex.o(i.HAL_TIMEx_DMACommutationCplt) refers to stm32f0xx_hal_tim_ex.o(i.HAL_TIMEx_CommutationCallback) for HAL_TIMEx_CommutationCallback
    stm32f0xx_hal_tim_ex.o(i.HAL_TIMEx_HallSensor_DeInit) refers to stm32f0xx_hal_tim_ex.o(i.HAL_TIMEx_HallSensor_MspDeInit) for HAL_TIMEx_HallSensor_MspDeInit
    stm32f0xx_hal_tim_ex.o(i.HAL_TIMEx_HallSensor_Init) refers to stm32f0xx_hal_tim_ex.o(i.HAL_TIMEx_HallSensor_MspInit) for HAL_TIMEx_HallSensor_MspInit
    stm32f0xx_hal_tim_ex.o(i.HAL_TIMEx_HallSensor_Init) refers to stm32f0xx_hal_tim.o(i.TIM_Base_SetConfig) for TIM_Base_SetConfig
    stm32f0xx_hal_tim_ex.o(i.HAL_TIMEx_HallSensor_Init) refers to stm32f0xx_hal_tim.o(i.TIM_TI1_SetConfig) for TIM_TI1_SetConfig
    stm32f0xx_hal_tim_ex.o(i.HAL_TIMEx_HallSensor_Init) refers to stm32f0xx_hal_tim.o(i.TIM_OC2_SetConfig) for TIM_OC2_SetConfig
    stm32f0xx_hal_tim_ex.o(i.HAL_TIMEx_HallSensor_Start) refers to stm32f0xx_hal_tim.o(i.TIM_CCxChannelCmd) for TIM_CCxChannelCmd
    stm32f0xx_hal_tim_ex.o(i.HAL_TIMEx_HallSensor_Start_DMA) refers to stm32f0xx_hal_tim.o(i.TIM_CCxChannelCmd) for TIM_CCxChannelCmd
    stm32f0xx_hal_tim_ex.o(i.HAL_TIMEx_HallSensor_Start_DMA) refers to stm32f0xx_hal_dma.o(i.HAL_DMA_Start_IT) for HAL_DMA_Start_IT
    stm32f0xx_hal_tim_ex.o(i.HAL_TIMEx_HallSensor_Start_DMA) refers to stm32f0xx_hal_tim.o(i.HAL_TIM_DMACaptureCplt) for HAL_TIM_DMACaptureCplt
    stm32f0xx_hal_tim_ex.o(i.HAL_TIMEx_HallSensor_Start_DMA) refers to stm32f0xx_hal_tim.o(i.HAL_TIM_DMAError) for HAL_TIM_DMAError
    stm32f0xx_hal_tim_ex.o(i.HAL_TIMEx_HallSensor_Start_IT) refers to stm32f0xx_hal_tim.o(i.TIM_CCxChannelCmd) for TIM_CCxChannelCmd
    stm32f0xx_hal_tim_ex.o(i.HAL_TIMEx_HallSensor_Stop) refers to stm32f0xx_hal_tim.o(i.TIM_CCxChannelCmd) for TIM_CCxChannelCmd
    stm32f0xx_hal_tim_ex.o(i.HAL_TIMEx_HallSensor_Stop_DMA) refers to stm32f0xx_hal_tim.o(i.TIM_CCxChannelCmd) for TIM_CCxChannelCmd
    stm32f0xx_hal_tim_ex.o(i.HAL_TIMEx_HallSensor_Stop_IT) refers to stm32f0xx_hal_tim.o(i.TIM_CCxChannelCmd) for TIM_CCxChannelCmd
    stm32f0xx_hal_tim_ex.o(i.HAL_TIMEx_OCN_Start) refers to stm32f0xx_hal_tim_ex.o(i.TIM_CCxNChannelCmd) for TIM_CCxNChannelCmd
    stm32f0xx_hal_tim_ex.o(i.HAL_TIMEx_OCN_Start_DMA) refers to stm32f0xx_hal_dma.o(i.HAL_DMA_Start_IT) for HAL_DMA_Start_IT
    stm32f0xx_hal_tim_ex.o(i.HAL_TIMEx_OCN_Start_DMA) refers to stm32f0xx_hal_tim_ex.o(i.TIM_CCxNChannelCmd) for TIM_CCxNChannelCmd
    stm32f0xx_hal_tim_ex.o(i.HAL_TIMEx_OCN_Start_DMA) refers to stm32f0xx_hal_tim.o(i.HAL_TIM_DMADelayPulseCplt) for HAL_TIM_DMADelayPulseCplt
    stm32f0xx_hal_tim_ex.o(i.HAL_TIMEx_OCN_Start_DMA) refers to stm32f0xx_hal_tim.o(i.HAL_TIM_DMAError) for HAL_TIM_DMAError
    stm32f0xx_hal_tim_ex.o(i.HAL_TIMEx_OCN_Start_IT) refers to stm32f0xx_hal_tim_ex.o(i.TIM_CCxNChannelCmd) for TIM_CCxNChannelCmd
    stm32f0xx_hal_tim_ex.o(i.HAL_TIMEx_OCN_Stop) refers to stm32f0xx_hal_tim_ex.o(i.TIM_CCxNChannelCmd) for TIM_CCxNChannelCmd
    stm32f0xx_hal_tim_ex.o(i.HAL_TIMEx_OCN_Stop_DMA) refers to stm32f0xx_hal_tim_ex.o(i.TIM_CCxNChannelCmd) for TIM_CCxNChannelCmd
    stm32f0xx_hal_tim_ex.o(i.HAL_TIMEx_OCN_Stop_IT) refers to stm32f0xx_hal_tim_ex.o(i.TIM_CCxNChannelCmd) for TIM_CCxNChannelCmd
    stm32f0xx_hal_tim_ex.o(i.HAL_TIMEx_OnePulseN_Start) refers to stm32f0xx_hal_tim_ex.o(i.TIM_CCxNChannelCmd) for TIM_CCxNChannelCmd
    stm32f0xx_hal_tim_ex.o(i.HAL_TIMEx_OnePulseN_Start_IT) refers to stm32f0xx_hal_tim_ex.o(i.TIM_CCxNChannelCmd) for TIM_CCxNChannelCmd
    stm32f0xx_hal_tim_ex.o(i.HAL_TIMEx_OnePulseN_Stop) refers to stm32f0xx_hal_tim_ex.o(i.TIM_CCxNChannelCmd) for TIM_CCxNChannelCmd
    stm32f0xx_hal_tim_ex.o(i.HAL_TIMEx_OnePulseN_Stop_IT) refers to stm32f0xx_hal_tim_ex.o(i.TIM_CCxNChannelCmd) for TIM_CCxNChannelCmd
    stm32f0xx_hal_tim_ex.o(i.HAL_TIMEx_PWMN_Start) refers to stm32f0xx_hal_tim_ex.o(i.TIM_CCxNChannelCmd) for TIM_CCxNChannelCmd
    stm32f0xx_hal_tim_ex.o(i.HAL_TIMEx_PWMN_Start_DMA) refers to stm32f0xx_hal_dma.o(i.HAL_DMA_Start_IT) for HAL_DMA_Start_IT
    stm32f0xx_hal_tim_ex.o(i.HAL_TIMEx_PWMN_Start_DMA) refers to stm32f0xx_hal_tim_ex.o(i.TIM_CCxNChannelCmd) for TIM_CCxNChannelCmd
    stm32f0xx_hal_tim_ex.o(i.HAL_TIMEx_PWMN_Start_DMA) refers to stm32f0xx_hal_tim.o(i.HAL_TIM_DMADelayPulseCplt) for HAL_TIM_DMADelayPulseCplt
    stm32f0xx_hal_tim_ex.o(i.HAL_TIMEx_PWMN_Start_DMA) refers to stm32f0xx_hal_tim.o(i.HAL_TIM_DMAError) for HAL_TIM_DMAError
    stm32f0xx_hal_tim_ex.o(i.HAL_TIMEx_PWMN_Start_IT) refers to stm32f0xx_hal_tim_ex.o(i.TIM_CCxNChannelCmd) for TIM_CCxNChannelCmd
    stm32f0xx_hal_tim_ex.o(i.HAL_TIMEx_PWMN_Stop) refers to stm32f0xx_hal_tim_ex.o(i.TIM_CCxNChannelCmd) for TIM_CCxNChannelCmd
    stm32f0xx_hal_tim_ex.o(i.HAL_TIMEx_PWMN_Stop_DMA) refers to stm32f0xx_hal_tim_ex.o(i.TIM_CCxNChannelCmd) for TIM_CCxNChannelCmd
    stm32f0xx_hal_tim_ex.o(i.HAL_TIMEx_PWMN_Stop_IT) refers to stm32f0xx_hal_tim_ex.o(i.TIM_CCxNChannelCmd) for TIM_CCxNChannelCmd
    startup_stm32f091xc.o(RESET) refers to startup_stm32f091xc.o(STACK) for __initial_sp
    startup_stm32f091xc.o(RESET) refers to startup_stm32f091xc.o(.text) for Reset_Handler
    startup_stm32f091xc.o(RESET) refers to stm32f0xx_it.o(i.NMI_Handler) for NMI_Handler
    startup_stm32f091xc.o(RESET) refers to stm32f0xx_it.o(i.HardFault_Handler) for HardFault_Handler
    startup_stm32f091xc.o(RESET) refers to stm32f0xx_it.o(i.SVC_Handler) for SVC_Handler
    startup_stm32f091xc.o(RESET) refers to stm32f0xx_it.o(i.PendSV_Handler) for PendSV_Handler
    startup_stm32f091xc.o(RESET) refers to stm32f0xx_it.o(i.SysTick_Handler) for SysTick_Handler
    startup_stm32f091xc.o(RESET) refers to stm32f0xx_it.o(i.TIM2_IRQHandler) for TIM2_IRQHandler
    startup_stm32f091xc.o(.text) refers to system_stm32f0xx.o(i.SystemInit) for SystemInit
    startup_stm32f091xc.o(.text) refers to entry.o(.ARM.Collect$$$$00000000) for __main
    main.o(i.Error_Handler) refers to stm32f0xx_nucleo.o(i.BSP_LED_On) for BSP_LED_On
    main.o(i.HAL_TIM_PeriodElapsedCallback) refers to stm32f0xx_nucleo.o(i.BSP_LED_Toggle) for BSP_LED_Toggle
    main.o(i.main) refers to stm32f0xx_hal.o(i.HAL_Init) for HAL_Init
    main.o(i.main) refers to stm32f0xx_nucleo.o(i.BSP_LED_Init) for BSP_LED_Init
    main.o(i.main) refers to stm32f0xx_hal_rcc_ex.o(i.HAL_RCC_OscConfig) for HAL_RCC_OscConfig
    main.o(i.main) refers to stm32f0xx_hal_rcc_ex.o(i.HAL_RCC_ClockConfig) for HAL_RCC_ClockConfig
    main.o(i.main) refers to uidiv.o(.text) for __aeabi_uidivmod
    main.o(i.main) refers to stm32f0xx_hal_tim.o(i.HAL_TIM_Base_Init) for HAL_TIM_Base_Init
    main.o(i.main) refers to stm32f0xx_hal_tim.o(i.HAL_TIM_Base_Start_IT) for HAL_TIM_Base_Start_IT
    main.o(i.main) refers to main.o(i.Error_Handler) for Error_Handler
    main.o(i.main) refers to system_stm32f0xx.o(.data) for SystemCoreClock
    main.o(i.main) refers to main.o(.data) for .data
    main.o(i.main) refers to main.o(.bss) for .bss
    stm32f0xx_hal_msp.o(i.HAL_TIM_Base_MspInit) refers to stm32f0xx_hal_cortex.o(i.HAL_NVIC_SetPriority) for HAL_NVIC_SetPriority
    stm32f0xx_hal_msp.o(i.HAL_TIM_Base_MspInit) refers to stm32f0xx_hal_cortex.o(i.HAL_NVIC_EnableIRQ) for HAL_NVIC_EnableIRQ
    stm32f0xx_it.o(i.SysTick_Handler) refers to stm32f0xx_hal.o(i.HAL_IncTick) for HAL_IncTick
    stm32f0xx_it.o(i.TIM2_IRQHandler) refers to stm32f0xx_hal_tim.o(i.HAL_TIM_IRQHandler) for HAL_TIM_IRQHandler
    stm32f0xx_it.o(i.TIM2_IRQHandler) refers to main.o(.bss) for TimHandle
    entry.o(.ARM.Collect$$$$00000000) refers (Special) to entry10a.o(.ARM.Collect$$$$0000000D) for __rt_final_cpp
    entry.o(.ARM.Collect$$$$00000000) refers (Special) to entry11a.o(.ARM.Collect$$$$0000000F) for __rt_final_exit
    entry.o(.ARM.Collect$$$$00000000) refers (Special) to entry7b.o(.ARM.Collect$$$$00000008) for _main_clock
    entry.o(.ARM.Collect$$$$00000000) refers (Special) to entry8b.o(.ARM.Collect$$$$0000000A) for _main_cpp_init
    entry.o(.ARM.Collect$$$$00000000) refers (Special) to entry9a.o(.ARM.Collect$$$$0000000B) for _main_init
    entry.o(.ARM.Collect$$$$00000000) refers (Special) to entry5.o(.ARM.Collect$$$$00000004) for _main_scatterload
    entry.o(.ARM.Collect$$$$00000000) refers (Special) to entry2.o(.ARM.Collect$$$$00000001) for _main_stk
    entry2.o(.ARM.Collect$$$$00000001) refers to entry2.o(.ARM.Collect$$$$00002712) for __lit__00000000
    entry2.o(.ARM.Collect$$$$00002712) refers to startup_stm32f091xc.o(STACK) for __initial_sp
    entry2.o(__vectab_stack_and_reset_area) refers to startup_stm32f091xc.o(STACK) for __initial_sp
    entry2.o(__vectab_stack_and_reset_area) refers to entry.o(.ARM.Collect$$$$00000000) for __main
    entry5.o(.ARM.Collect$$$$00000004) refers to init.o(.text) for __scatterload
    entry9a.o(.ARM.Collect$$$$0000000B) refers to main.o(i.main) for main
    entry9b.o(.ARM.Collect$$$$0000000C) refers to main.o(i.main) for main
    init.o(.text) refers to entry5.o(.ARM.Collect$$$$00000004) for __main_after_scatterload


==============================================================================

Removing Unused input sections from the image.

    Removing stm32f0xx_nucleo.o(.rev16_text), (4 bytes).
    Removing stm32f0xx_nucleo.o(.revsh_text), (4 bytes).
    Removing stm32f0xx_nucleo.o(i.BSP_GetVersion), (8 bytes).
    Removing stm32f0xx_nucleo.o(i.BSP_LED_Off), (32 bytes).
    Removing stm32f0xx_nucleo.o(i.BSP_PB_GetState), (28 bytes).
    Removing stm32f0xx_nucleo.o(i.BSP_PB_Init), (120 bytes).
    Removing system_stm32f0xx.o(.rev16_text), (4 bytes).
    Removing system_stm32f0xx.o(.revsh_text), (4 bytes).
    Removing system_stm32f0xx.o(i.SystemCoreClockUpdate), (108 bytes).
    Removing stm32f0xx_hal.o(.rev16_text), (4 bytes).
    Removing stm32f0xx_hal.o(.revsh_text), (4 bytes).
    Removing stm32f0xx_hal.o(i.HAL_DeInit), (36 bytes).
    Removing stm32f0xx_hal.o(i.HAL_Delay), (22 bytes).
    Removing stm32f0xx_hal.o(i.HAL_DisableDBGStandbyMode), (16 bytes).
    Removing stm32f0xx_hal.o(i.HAL_DisableDBGStopMode), (16 bytes).
    Removing stm32f0xx_hal.o(i.HAL_EnableDBGStandbyMode), (16 bytes).
    Removing stm32f0xx_hal.o(i.HAL_EnableDBGStopMode), (16 bytes).
    Removing stm32f0xx_hal.o(i.HAL_GetDEVID), (16 bytes).
    Removing stm32f0xx_hal.o(i.HAL_GetHalVersion), (6 bytes).
    Removing stm32f0xx_hal.o(i.HAL_GetREVID), (12 bytes).
    Removing stm32f0xx_hal.o(i.HAL_MspDeInit), (2 bytes).
    Removing stm32f0xx_hal.o(i.HAL_ResumeTick), (16 bytes).
    Removing stm32f0xx_hal.o(i.HAL_SuspendTick), (16 bytes).
    Removing stm32f0xx_hal_cortex.o(.rev16_text), (4 bytes).
    Removing stm32f0xx_hal_cortex.o(.revsh_text), (4 bytes).
    Removing stm32f0xx_hal_cortex.o(i.HAL_NVIC_ClearPendingIRQ), (20 bytes).
    Removing stm32f0xx_hal_cortex.o(i.HAL_NVIC_DisableIRQ), (20 bytes).
    Removing stm32f0xx_hal_cortex.o(i.HAL_NVIC_GetPendingIRQ), (28 bytes).
    Removing stm32f0xx_hal_cortex.o(i.HAL_NVIC_GetPriority), (52 bytes).
    Removing stm32f0xx_hal_cortex.o(i.HAL_NVIC_SetPendingIRQ), (20 bytes).
    Removing stm32f0xx_hal_cortex.o(i.HAL_NVIC_SystemReset), (24 bytes).
    Removing stm32f0xx_hal_cortex.o(i.HAL_SYSTICK_CLKSourceConfig), (24 bytes).
    Removing stm32f0xx_hal_cortex.o(i.HAL_SYSTICK_Callback), (2 bytes).
    Removing stm32f0xx_hal_cortex.o(i.HAL_SYSTICK_IRQHandler), (8 bytes).
    Removing stm32f0xx_hal_dma.o(.rev16_text), (4 bytes).
    Removing stm32f0xx_hal_dma.o(.revsh_text), (4 bytes).
    Removing stm32f0xx_hal_dma.o(i.DMA_SetConfig), (30 bytes).
    Removing stm32f0xx_hal_dma.o(i.HAL_DMA_Abort), (76 bytes).
    Removing stm32f0xx_hal_dma.o(i.HAL_DMA_DeInit), (708 bytes).
    Removing stm32f0xx_hal_dma.o(i.HAL_DMA_GetError), (4 bytes).
    Removing stm32f0xx_hal_dma.o(i.HAL_DMA_GetState), (6 bytes).
    Removing stm32f0xx_hal_dma.o(i.HAL_DMA_IRQHandler), (1344 bytes).
    Removing stm32f0xx_hal_dma.o(i.HAL_DMA_Init), (76 bytes).
    Removing stm32f0xx_hal_dma.o(i.HAL_DMA_PollForTransfer), (1248 bytes).
    Removing stm32f0xx_hal_dma.o(i.HAL_DMA_Start), (50 bytes).
    Removing stm32f0xx_hal_dma.o(i.HAL_DMA_Start_IT), (78 bytes).
    Removing stm32f0xx_hal_gpio.o(.rev16_text), (4 bytes).
    Removing stm32f0xx_hal_gpio.o(.revsh_text), (4 bytes).
    Removing stm32f0xx_hal_gpio.o(i.HAL_GPIO_DeInit), (228 bytes).
    Removing stm32f0xx_hal_gpio.o(i.HAL_GPIO_EXTI_Callback), (2 bytes).
    Removing stm32f0xx_hal_gpio.o(i.HAL_GPIO_EXTI_IRQHandler), (24 bytes).
    Removing stm32f0xx_hal_gpio.o(i.HAL_GPIO_LockPin), (36 bytes).
    Removing stm32f0xx_hal_gpio.o(i.HAL_GPIO_ReadPin), (10 bytes).
    Removing stm32f0xx_hal_rcc.o(.rev16_text), (4 bytes).
    Removing stm32f0xx_hal_rcc.o(.revsh_text), (4 bytes).
    Removing stm32f0xx_hal_rcc.o(i.HAL_RCC_CCSCallback), (2 bytes).
    Removing stm32f0xx_hal_rcc.o(i.HAL_RCC_ClockConfig), (4 bytes).
    Removing stm32f0xx_hal_rcc.o(i.HAL_RCC_DeInit), (60 bytes).
    Removing stm32f0xx_hal_rcc.o(i.HAL_RCC_DisableCSS), (20 bytes).
    Removing stm32f0xx_hal_rcc.o(i.HAL_RCC_EnableCSS), (20 bytes).
    Removing stm32f0xx_hal_rcc.o(i.HAL_RCC_GetClockConfig), (56 bytes).
    Removing stm32f0xx_hal_rcc.o(i.HAL_RCC_GetOscConfig), (168 bytes).
    Removing stm32f0xx_hal_rcc.o(i.HAL_RCC_GetPCLK1Freq), (32 bytes).
    Removing stm32f0xx_hal_rcc.o(i.HAL_RCC_GetSysClockFreq), (4 bytes).
    Removing stm32f0xx_hal_rcc.o(i.HAL_RCC_MCOConfig), (72 bytes).
    Removing stm32f0xx_hal_rcc.o(i.HAL_RCC_NMI_IRQHandler), (24 bytes).
    Removing stm32f0xx_hal_rcc.o(i.HAL_RCC_OscConfig), (4 bytes).
    Removing stm32f0xx_hal_rcc_ex.o(.rev16_text), (4 bytes).
    Removing stm32f0xx_hal_rcc_ex.o(.revsh_text), (4 bytes).
    Removing stm32f0xx_hal_rcc_ex.o(i.HAL_RCCEx_CRSConfig), (124 bytes).
    Removing stm32f0xx_hal_rcc_ex.o(i.HAL_RCCEx_CRSGetSynchronizationInfo), (40 bytes).
    Removing stm32f0xx_hal_rcc_ex.o(i.HAL_RCCEx_CRSSoftwareSynchronizationGenerate), (16 bytes).
    Removing stm32f0xx_hal_rcc_ex.o(i.HAL_RCCEx_CRSWaitSynchronization), (148 bytes).
    Removing stm32f0xx_hal_rcc_ex.o(i.HAL_RCCEx_GetPeriphCLKConfig), (92 bytes).
    Removing stm32f0xx_hal_rcc_ex.o(i.HAL_RCCEx_PeriphCLKConfig), (252 bytes).
    Removing stm32f0xx_hal_tim.o(.rev16_text), (4 bytes).
    Removing stm32f0xx_hal_tim.o(.revsh_text), (4 bytes).
    Removing stm32f0xx_hal_tim.o(i.HAL_TIM_Base_DeInit), (52 bytes).
    Removing stm32f0xx_hal_tim.o(i.HAL_TIM_Base_GetState), (6 bytes).
    Removing stm32f0xx_hal_tim.o(i.HAL_TIM_Base_MspDeInit), (2 bytes).
    Removing stm32f0xx_hal_tim.o(i.HAL_TIM_Base_MspInit), (2 bytes).
    Removing stm32f0xx_hal_tim.o(i.HAL_TIM_Base_Start), (24 bytes).
    Removing stm32f0xx_hal_tim.o(i.HAL_TIM_Base_Start_DMA), (100 bytes).
    Removing stm32f0xx_hal_tim.o(i.HAL_TIM_Base_Stop), (48 bytes).
    Removing stm32f0xx_hal_tim.o(i.HAL_TIM_Base_Stop_DMA), (52 bytes).
    Removing stm32f0xx_hal_tim.o(i.HAL_TIM_Base_Stop_IT), (44 bytes).
    Removing stm32f0xx_hal_tim.o(i.HAL_TIM_ConfigClockSource), (238 bytes).
    Removing stm32f0xx_hal_tim.o(i.HAL_TIM_ConfigOCrefClear), (180 bytes).
    Removing stm32f0xx_hal_tim.o(i.HAL_TIM_ConfigTI1Input), (16 bytes).
    Removing stm32f0xx_hal_tim.o(i.HAL_TIM_DMABurst_ReadStart), (268 bytes).
    Removing stm32f0xx_hal_tim.o(i.HAL_TIM_DMABurst_ReadStop), (100 bytes).
    Removing stm32f0xx_hal_tim.o(i.HAL_TIM_DMABurst_WriteStart), (268 bytes).
    Removing stm32f0xx_hal_tim.o(i.HAL_TIM_DMABurst_WriteStop), (100 bytes).
    Removing stm32f0xx_hal_tim.o(i.HAL_TIM_DMACaptureCplt), (62 bytes).
    Removing stm32f0xx_hal_tim.o(i.HAL_TIM_DMADelayPulseCplt), (62 bytes).
    Removing stm32f0xx_hal_tim.o(i.HAL_TIM_DMAError), (16 bytes).
    Removing stm32f0xx_hal_tim.o(i.HAL_TIM_Encoder_DeInit), (52 bytes).
    Removing stm32f0xx_hal_tim.o(i.HAL_TIM_Encoder_GetState), (6 bytes).
    Removing stm32f0xx_hal_tim.o(i.HAL_TIM_Encoder_Init), (148 bytes).
    Removing stm32f0xx_hal_tim.o(i.HAL_TIM_Encoder_MspDeInit), (2 bytes).
    Removing stm32f0xx_hal_tim.o(i.HAL_TIM_Encoder_MspInit), (2 bytes).
    Removing stm32f0xx_hal_tim.o(i.HAL_TIM_Encoder_Start), (52 bytes).
    Removing stm32f0xx_hal_tim.o(i.HAL_TIM_Encoder_Start_DMA), (284 bytes).
    Removing stm32f0xx_hal_tim.o(i.HAL_TIM_Encoder_Start_IT), (92 bytes).
    Removing stm32f0xx_hal_tim.o(i.HAL_TIM_Encoder_Stop), (72 bytes).
    Removing stm32f0xx_hal_tim.o(i.HAL_TIM_Encoder_Stop_DMA), (120 bytes).
    Removing stm32f0xx_hal_tim.o(i.HAL_TIM_Encoder_Stop_IT), (120 bytes).
    Removing stm32f0xx_hal_tim.o(i.HAL_TIM_ErrorCallback), (2 bytes).
    Removing stm32f0xx_hal_tim.o(i.HAL_TIM_GenerateEvent), (36 bytes).
    Removing stm32f0xx_hal_tim.o(i.HAL_TIM_IC_ConfigChannel), (288 bytes).
    Removing stm32f0xx_hal_tim.o(i.HAL_TIM_IC_DeInit), (52 bytes).
    Removing stm32f0xx_hal_tim.o(i.HAL_TIM_IC_GetState), (6 bytes).
    Removing stm32f0xx_hal_tim.o(i.HAL_TIM_IC_Init), (48 bytes).
    Removing stm32f0xx_hal_tim.o(i.HAL_TIM_IC_MspDeInit), (2 bytes).
    Removing stm32f0xx_hal_tim.o(i.HAL_TIM_IC_MspInit), (2 bytes).
    Removing stm32f0xx_hal_tim.o(i.HAL_TIM_IC_Start), (26 bytes).
    Removing stm32f0xx_hal_tim.o(i.HAL_TIM_IC_Start_DMA), (212 bytes).
    Removing stm32f0xx_hal_tim.o(i.HAL_TIM_IC_Start_IT), (72 bytes).
    Removing stm32f0xx_hal_tim.o(i.HAL_TIM_IC_Stop), (48 bytes).
    Removing stm32f0xx_hal_tim.o(i.HAL_TIM_IC_Stop_DMA), (108 bytes).
    Removing stm32f0xx_hal_tim.o(i.HAL_TIM_IC_Stop_IT), (92 bytes).
    Removing stm32f0xx_hal_tim.o(i.HAL_TIM_OC_ConfigChannel), (80 bytes).
    Removing stm32f0xx_hal_tim.o(i.HAL_TIM_OC_DeInit), (52 bytes).
    Removing stm32f0xx_hal_tim.o(i.HAL_TIM_OC_GetState), (6 bytes).
    Removing stm32f0xx_hal_tim.o(i.HAL_TIM_OC_Init), (48 bytes).
    Removing stm32f0xx_hal_tim.o(i.HAL_TIM_OC_MspDeInit), (2 bytes).
    Removing stm32f0xx_hal_tim.o(i.HAL_TIM_OC_MspInit), (2 bytes).
    Removing stm32f0xx_hal_tim.o(i.HAL_TIM_OC_Start), (80 bytes).
    Removing stm32f0xx_hal_tim.o(i.HAL_TIM_OC_Start_DMA), (272 bytes).
    Removing stm32f0xx_hal_tim.o(i.HAL_TIM_OC_Start_IT), (124 bytes).
    Removing stm32f0xx_hal_tim.o(i.HAL_TIM_OC_Stop), (112 bytes).
    Removing stm32f0xx_hal_tim.o(i.HAL_TIM_OC_Stop_DMA), (172 bytes).
    Removing stm32f0xx_hal_tim.o(i.HAL_TIM_OC_Stop_IT), (156 bytes).
    Removing stm32f0xx_hal_tim.o(i.HAL_TIM_OnePulse_ConfigChannel), (214 bytes).
    Removing stm32f0xx_hal_tim.o(i.HAL_TIM_OnePulse_DeInit), (52 bytes).
    Removing stm32f0xx_hal_tim.o(i.HAL_TIM_OnePulse_GetState), (6 bytes).
    Removing stm32f0xx_hal_tim.o(i.HAL_TIM_OnePulse_Init), (68 bytes).
    Removing stm32f0xx_hal_tim.o(i.HAL_TIM_OnePulse_MspDeInit), (2 bytes).
    Removing stm32f0xx_hal_tim.o(i.HAL_TIM_OnePulse_MspInit), (2 bytes).
    Removing stm32f0xx_hal_tim.o(i.HAL_TIM_OnePulse_Start), (80 bytes).
    Removing stm32f0xx_hal_tim.o(i.HAL_TIM_OnePulse_Start_IT), (100 bytes).
    Removing stm32f0xx_hal_tim.o(i.HAL_TIM_OnePulse_Stop), (124 bytes).
    Removing stm32f0xx_hal_tim.o(i.HAL_TIM_OnePulse_Stop_IT), (144 bytes).
    Removing stm32f0xx_hal_tim.o(i.HAL_TIM_PWM_ConfigChannel), (208 bytes).
    Removing stm32f0xx_hal_tim.o(i.HAL_TIM_PWM_DeInit), (52 bytes).
    Removing stm32f0xx_hal_tim.o(i.HAL_TIM_PWM_GetState), (6 bytes).
    Removing stm32f0xx_hal_tim.o(i.HAL_TIM_PWM_Init), (48 bytes).
    Removing stm32f0xx_hal_tim.o(i.HAL_TIM_PWM_MspDeInit), (2 bytes).
    Removing stm32f0xx_hal_tim.o(i.HAL_TIM_PWM_MspInit), (2 bytes).
    Removing stm32f0xx_hal_tim.o(i.HAL_TIM_PWM_Start), (80 bytes).
    Removing stm32f0xx_hal_tim.o(i.HAL_TIM_PWM_Start_DMA), (272 bytes).
    Removing stm32f0xx_hal_tim.o(i.HAL_TIM_PWM_Start_IT), (124 bytes).
    Removing stm32f0xx_hal_tim.o(i.HAL_TIM_PWM_Stop), (116 bytes).
    Removing stm32f0xx_hal_tim.o(i.HAL_TIM_PWM_Stop_DMA), (172 bytes).
    Removing stm32f0xx_hal_tim.o(i.HAL_TIM_PWM_Stop_IT), (156 bytes).
    Removing stm32f0xx_hal_tim.o(i.HAL_TIM_PeriodElapsedCallback), (2 bytes).
    Removing stm32f0xx_hal_tim.o(i.HAL_TIM_ReadCapturedValue), (70 bytes).
    Removing stm32f0xx_hal_tim.o(i.HAL_TIM_SlaveConfigSynchronization), (60 bytes).
    Removing stm32f0xx_hal_tim.o(i.HAL_TIM_SlaveConfigSynchronization_IT), (60 bytes).
    Removing stm32f0xx_hal_tim.o(i.TIM_CCxChannelCmd), (22 bytes).
    Removing stm32f0xx_hal_tim.o(i.TIM_DMAPeriodElapsedCplt), (16 bytes).
    Removing stm32f0xx_hal_tim.o(i.TIM_DMATriggerCplt), (16 bytes).
    Removing stm32f0xx_hal_tim.o(i.TIM_ETR_SetConfig), (22 bytes).
    Removing stm32f0xx_hal_tim.o(i.TIM_ITRx_SetConfig), (16 bytes).
    Removing stm32f0xx_hal_tim.o(i.TIM_OC1_SetConfig), (136 bytes).
    Removing stm32f0xx_hal_tim.o(i.TIM_OC2_SetConfig), (128 bytes).
    Removing stm32f0xx_hal_tim.o(i.TIM_OC3_SetConfig), (132 bytes).
    Removing stm32f0xx_hal_tim.o(i.TIM_OC4_SetConfig), (108 bytes).
    Removing stm32f0xx_hal_tim.o(i.TIM_SlaveTimer_SetConfig), (122 bytes).
    Removing stm32f0xx_hal_tim.o(i.TIM_TI1_ConfigInputStage), (34 bytes).
    Removing stm32f0xx_hal_tim.o(i.TIM_TI1_SetConfig), (88 bytes).
    Removing stm32f0xx_hal_tim.o(i.TIM_TI2_ConfigInputStage), (38 bytes).
    Removing stm32f0xx_hal_tim.o(i.TIM_TI2_SetConfig), (52 bytes).
    Removing stm32f0xx_hal_tim_ex.o(.rev16_text), (4 bytes).
    Removing stm32f0xx_hal_tim_ex.o(.revsh_text), (4 bytes).
    Removing stm32f0xx_hal_tim_ex.o(i.HAL_TIMEx_ConfigBreakDeadTime), (60 bytes).
    Removing stm32f0xx_hal_tim_ex.o(i.HAL_TIMEx_ConfigCommutationEvent), (88 bytes).
    Removing stm32f0xx_hal_tim_ex.o(i.HAL_TIMEx_ConfigCommutationEvent_DMA), (120 bytes).
    Removing stm32f0xx_hal_tim_ex.o(i.HAL_TIMEx_ConfigCommutationEvent_IT), (98 bytes).
    Removing stm32f0xx_hal_tim_ex.o(i.HAL_TIMEx_DMACommutationCplt), (16 bytes).
    Removing stm32f0xx_hal_tim_ex.o(i.HAL_TIMEx_HallSensor_DeInit), (52 bytes).
    Removing stm32f0xx_hal_tim_ex.o(i.HAL_TIMEx_HallSensor_GetState), (6 bytes).
    Removing stm32f0xx_hal_tim_ex.o(i.HAL_TIMEx_HallSensor_Init), (172 bytes).
    Removing stm32f0xx_hal_tim_ex.o(i.HAL_TIMEx_HallSensor_MspDeInit), (2 bytes).
    Removing stm32f0xx_hal_tim_ex.o(i.HAL_TIMEx_HallSensor_MspInit), (2 bytes).
    Removing stm32f0xx_hal_tim_ex.o(i.HAL_TIMEx_HallSensor_Start), (28 bytes).
    Removing stm32f0xx_hal_tim_ex.o(i.HAL_TIMEx_HallSensor_Start_DMA), (116 bytes).
    Removing stm32f0xx_hal_tim_ex.o(i.HAL_TIMEx_HallSensor_Start_IT), (38 bytes).
    Removing stm32f0xx_hal_tim_ex.o(i.HAL_TIMEx_HallSensor_Stop), (48 bytes).
    Removing stm32f0xx_hal_tim_ex.o(i.HAL_TIMEx_HallSensor_Stop_DMA), (60 bytes).
    Removing stm32f0xx_hal_tim_ex.o(i.HAL_TIMEx_HallSensor_Stop_IT), (60 bytes).
    Removing stm32f0xx_hal_tim_ex.o(i.HAL_TIMEx_MasterConfigSynchronization), (72 bytes).
    Removing stm32f0xx_hal_tim_ex.o(i.HAL_TIMEx_OCN_Start), (38 bytes).
    Removing stm32f0xx_hal_tim_ex.o(i.HAL_TIMEx_OCN_Start_DMA), (232 bytes).
    Removing stm32f0xx_hal_tim_ex.o(i.HAL_TIMEx_OCN_Start_IT), (94 bytes).
    Removing stm32f0xx_hal_tim_ex.o(i.HAL_TIMEx_OCN_Stop), (76 bytes).
    Removing stm32f0xx_hal_tim_ex.o(i.HAL_TIMEx_OCN_Stop_DMA), (136 bytes).
    Removing stm32f0xx_hal_tim_ex.o(i.HAL_TIMEx_OCN_Stop_IT), (136 bytes).
    Removing stm32f0xx_hal_tim_ex.o(i.HAL_TIMEx_OnePulseN_Start), (28 bytes).
    Removing stm32f0xx_hal_tim_ex.o(i.HAL_TIMEx_OnePulseN_Start_IT), (48 bytes).
    Removing stm32f0xx_hal_tim_ex.o(i.HAL_TIMEx_OnePulseN_Stop), (76 bytes).
    Removing stm32f0xx_hal_tim_ex.o(i.HAL_TIMEx_OnePulseN_Stop_IT), (96 bytes).
    Removing stm32f0xx_hal_tim_ex.o(i.HAL_TIMEx_PWMN_Start), (38 bytes).
    Removing stm32f0xx_hal_tim_ex.o(i.HAL_TIMEx_PWMN_Start_DMA), (232 bytes).
    Removing stm32f0xx_hal_tim_ex.o(i.HAL_TIMEx_PWMN_Start_IT), (94 bytes).
    Removing stm32f0xx_hal_tim_ex.o(i.HAL_TIMEx_PWMN_Stop), (76 bytes).
    Removing stm32f0xx_hal_tim_ex.o(i.HAL_TIMEx_PWMN_Stop_DMA), (136 bytes).
    Removing stm32f0xx_hal_tim_ex.o(i.HAL_TIMEx_PWMN_Stop_IT), (136 bytes).
    Removing stm32f0xx_hal_tim_ex.o(i.HAL_TIMEx_RemapConfig), (30 bytes).
    Removing stm32f0xx_hal_tim_ex.o(i.TIM_CCxNChannelCmd), (22 bytes).
    Removing startup_stm32f091xc.o(HEAP), (512 bytes).
    Removing main.o(.rev16_text), (4 bytes).
    Removing main.o(.revsh_text), (4 bytes).
    Removing stm32f0xx_hal_msp.o(.rev16_text), (4 bytes).
    Removing stm32f0xx_hal_msp.o(.revsh_text), (4 bytes).
    Removing stm32f0xx_it.o(.rev16_text), (4 bytes).
    Removing stm32f0xx_it.o(.revsh_text), (4 bytes).
    Removing stm32f0xx_hal_tim.o(i.__ARM_common_switch8), (26 bytes).

218 unused section(s) (total 16988 bytes) removed from the image.

==============================================================================

Image Symbol Table

    Local Symbols

    Symbol Name                              Value     Ov Type        Size  Object(Section)

    ../clib/microlib/division.c              0x00000000   Number         0  uidiv.o ABSOLUTE
    ../clib/microlib/init/entry.s            0x00000000   Number         0  entry5.o ABSOLUTE
    ../clib/microlib/init/entry.s            0x00000000   Number         0  entry2.o ABSOLUTE
    ../clib/microlib/init/entry.s            0x00000000   Number         0  entry.o ABSOLUTE
    ../clib/microlib/init/entry.s            0x00000000   Number         0  entry9a.o ABSOLUTE
    ../clib/microlib/init/entry.s            0x00000000   Number         0  entry11b.o ABSOLUTE
    ../clib/microlib/init/entry.s            0x00000000   Number         0  entry11a.o ABSOLUTE
    ../clib/microlib/init/entry.s            0x00000000   Number         0  entry10b.o ABSOLUTE
    ../clib/microlib/init/entry.s            0x00000000   Number         0  entry10a.o ABSOLUTE
    ../clib/microlib/init/entry.s            0x00000000   Number         0  entry9b.o ABSOLUTE
    ../clib/microlib/init/entry.s            0x00000000   Number         0  entry8b.o ABSOLUTE
    ../clib/microlib/init/entry.s            0x00000000   Number         0  entry8a.o ABSOLUTE
    ../clib/microlib/init/entry.s            0x00000000   Number         0  entry7b.o ABSOLUTE
    ../clib/microlib/init/entry.s            0x00000000   Number         0  entry7a.o ABSOLUTE
    ..\..\..\..\..\..\Drivers\BSP\STM32F0xx-Nucleo\stm32f0xx_nucleo.c 0x00000000   Number         0  stm32f0xx_nucleo.o ABSOLUTE
    ..\..\..\..\..\..\Drivers\STM32F0xx_HAL_Driver\Src\stm32f0xx_hal.c 0x00000000   Number         0  stm32f0xx_hal.o ABSOLUTE
    ..\..\..\..\..\..\Drivers\STM32F0xx_HAL_Driver\Src\stm32f0xx_hal_cortex.c 0x00000000   Number         0  stm32f0xx_hal_cortex.o ABSOLUTE
    ..\..\..\..\..\..\Drivers\STM32F0xx_HAL_Driver\Src\stm32f0xx_hal_dma.c 0x00000000   Number         0  stm32f0xx_hal_dma.o ABSOLUTE
    ..\..\..\..\..\..\Drivers\STM32F0xx_HAL_Driver\Src\stm32f0xx_hal_gpio.c 0x00000000   Number         0  stm32f0xx_hal_gpio.o ABSOLUTE
    ..\..\..\..\..\..\Drivers\STM32F0xx_HAL_Driver\Src\stm32f0xx_hal_rcc.c 0x00000000   Number         0  stm32f0xx_hal_rcc.o ABSOLUTE
    ..\..\..\..\..\..\Drivers\STM32F0xx_HAL_Driver\Src\stm32f0xx_hal_rcc_ex.c 0x00000000   Number         0  stm32f0xx_hal_rcc_ex.o ABSOLUTE
    ..\..\..\..\..\..\Drivers\STM32F0xx_HAL_Driver\Src\stm32f0xx_hal_tim.c 0x00000000   Number         0  stm32f0xx_hal_tim.o ABSOLUTE
    ..\..\..\..\..\..\Drivers\STM32F0xx_HAL_Driver\Src\stm32f0xx_hal_tim_ex.c 0x00000000   Number         0  stm32f0xx_hal_tim_ex.o ABSOLUTE
    ..\Src\main.c                            0x00000000   Number         0  main.o ABSOLUTE
    ..\Src\stm32f0xx_hal_msp.c               0x00000000   Number         0  stm32f0xx_hal_msp.o ABSOLUTE
    ..\Src\stm32f0xx_it.c                    0x00000000   Number         0  stm32f0xx_it.o ABSOLUTE
    ..\Src\system_stm32f0xx.c                0x00000000   Number         0  system_stm32f0xx.o ABSOLUTE
    ..\\..\\..\\..\\..\\..\\Drivers\\BSP\\STM32F0xx-Nucleo\\stm32f0xx_nucleo.c 0x00000000   Number         0  stm32f0xx_nucleo.o ABSOLUTE
    ..\\..\\..\\..\\..\\..\\Drivers\\STM32F0xx_HAL_Driver\\Src\\stm32f0xx_hal.c 0x00000000   Number         0  stm32f0xx_hal.o ABSOLUTE
    ..\\..\\..\\..\\..\\..\\Drivers\\STM32F0xx_HAL_Driver\\Src\\stm32f0xx_hal_cortex.c 0x00000000   Number         0  stm32f0xx_hal_cortex.o ABSOLUTE
    ..\\..\\..\\..\\..\\..\\Drivers\\STM32F0xx_HAL_Driver\\Src\\stm32f0xx_hal_dma.c 0x00000000   Number         0  stm32f0xx_hal_dma.o ABSOLUTE
    ..\\..\\..\\..\\..\\..\\Drivers\\STM32F0xx_HAL_Driver\\Src\\stm32f0xx_hal_gpio.c 0x00000000   Number         0  stm32f0xx_hal_gpio.o ABSOLUTE
    ..\\..\\..\\..\\..\\..\\Drivers\\STM32F0xx_HAL_Driver\\Src\\stm32f0xx_hal_rcc.c 0x00000000   Number         0  stm32f0xx_hal_rcc.o ABSOLUTE
    ..\\..\\..\\..\\..\\..\\Drivers\\STM32F0xx_HAL_Driver\\Src\\stm32f0xx_hal_rcc_ex.c 0x00000000   Number         0  stm32f0xx_hal_rcc_ex.o ABSOLUTE
    ..\\..\\..\\..\\..\\..\\Drivers\\STM32F0xx_HAL_Driver\\Src\\stm32f0xx_hal_tim.c 0x00000000   Number         0  stm32f0xx_hal_tim.o ABSOLUTE
    ..\\..\\..\\..\\..\\..\\Drivers\\STM32F0xx_HAL_Driver\\Src\\stm32f0xx_hal_tim_ex.c 0x00000000   Number         0  stm32f0xx_hal_tim_ex.o ABSOLUTE
    ..\\Src\\main.c                          0x00000000   Number         0  main.o ABSOLUTE
    ..\\Src\\stm32f0xx_hal_msp.c             0x00000000   Number         0  stm32f0xx_hal_msp.o ABSOLUTE
    ..\\Src\\stm32f0xx_it.c                  0x00000000   Number         0  stm32f0xx_it.o ABSOLUTE
    ..\\Src\\system_stm32f0xx.c              0x00000000   Number         0  system_stm32f0xx.o ABSOLUTE
    dc.s                                     0x00000000   Number         0  dc.o ABSOLUTE
    handlers.s                               0x00000000   Number         0  handlers.o ABSOLUTE
    init.s                                   0x00000000   Number         0  init.o ABSOLUTE
    startup_stm32f091xc.s                    0x00000000   Number         0  startup_stm32f091xc.o ABSOLUTE
    RESET                                    0x08000000   Section      188  startup_stm32f091xc.o(RESET)
    .ARM.Collect$$$$00000000                 0x080000bc   Section        0  entry.o(.ARM.Collect$$$$00000000)
    .ARM.Collect$$$$00000001                 0x080000bc   Section        4  entry2.o(.ARM.Collect$$$$00000001)
    .ARM.Collect$$$$00000004                 0x080000c0   Section        4  entry5.o(.ARM.Collect$$$$00000004)
    .ARM.Collect$$$$00000008                 0x080000c4   Section        0  entry7b.o(.ARM.Collect$$$$00000008)
    .ARM.Collect$$$$0000000A                 0x080000c4   Section        0  entry8b.o(.ARM.Collect$$$$0000000A)
    .ARM.Collect$$$$0000000B                 0x080000c4   Section        8  entry9a.o(.ARM.Collect$$$$0000000B)
    .ARM.Collect$$$$0000000D                 0x080000cc   Section        0  entry10a.o(.ARM.Collect$$$$0000000D)
    .ARM.Collect$$$$0000000F                 0x080000cc   Section        0  entry11a.o(.ARM.Collect$$$$0000000F)
    .ARM.Collect$$$$00002712                 0x080000cc   Section        4  entry2.o(.ARM.Collect$$$$00002712)
    __lit__00000000                          0x080000cc   Data           4  entry2.o(.ARM.Collect$$$$00002712)
    .text                                    0x080000d0   Section       28  startup_stm32f091xc.o(.text)
    .text                                    0x080000ec   Section        0  uidiv.o(.text)
    .text                                    0x08000118   Section       36  init.o(.text)
    i.BSP_LED_Init                           0x0800013c   Section        0  stm32f0xx_nucleo.o(i.BSP_LED_Init)
    i.BSP_LED_On                             0x08000180   Section        0  stm32f0xx_nucleo.o(i.BSP_LED_On)
    i.BSP_LED_Toggle                         0x080001a0   Section        0  stm32f0xx_nucleo.o(i.BSP_LED_Toggle)
    i.Error_Handler                          0x080001bc   Section        0  main.o(i.Error_Handler)
    Error_Handler                            0x080001bd   Thumb Code     8  main.o(i.Error_Handler)
    i.HAL_GPIO_Init                          0x080001c4   Section        0  stm32f0xx_hal_gpio.o(i.HAL_GPIO_Init)
    i.HAL_GPIO_TogglePin                     0x08000314   Section        0  stm32f0xx_hal_gpio.o(i.HAL_GPIO_TogglePin)
    i.HAL_GPIO_WritePin                      0x0800031c   Section        0  stm32f0xx_hal_gpio.o(i.HAL_GPIO_WritePin)
    i.HAL_GetTick                            0x08000328   Section        0  stm32f0xx_hal.o(i.HAL_GetTick)
    i.HAL_IncTick                            0x08000334   Section        0  stm32f0xx_hal.o(i.HAL_IncTick)
    i.HAL_Init                               0x08000344   Section        0  stm32f0xx_hal.o(i.HAL_Init)
    i.HAL_InitTick                           0x08000364   Section        0  stm32f0xx_hal.o(i.HAL_InitTick)
    i.HAL_MspInit                            0x08000386   Section        0  stm32f0xx_hal.o(i.HAL_MspInit)
    i.HAL_NVIC_EnableIRQ                     0x08000388   Section        0  stm32f0xx_hal_cortex.o(i.HAL_NVIC_EnableIRQ)
    i.HAL_NVIC_SetPriority                   0x0800039c   Section        0  stm32f0xx_hal_cortex.o(i.HAL_NVIC_SetPriority)
    i.HAL_RCC_ClockConfig                    0x080003a4   Section        0  stm32f0xx_hal_rcc_ex.o(i.HAL_RCC_ClockConfig)
    i.HAL_RCC_GetHCLKFreq                    0x08000594   Section        0  stm32f0xx_hal_rcc.o(i.HAL_RCC_GetHCLKFreq)
    i.HAL_RCC_GetSysClockFreq                0x080005bc   Section        0  stm32f0xx_hal_rcc_ex.o(i.HAL_RCC_GetSysClockFreq)
    i.HAL_RCC_OscConfig                      0x08000614   Section        0  stm32f0xx_hal_rcc_ex.o(i.HAL_RCC_OscConfig)
    i.HAL_SYSTICK_Config                     0x080009b0   Section        0  stm32f0xx_hal_cortex.o(i.HAL_SYSTICK_Config)
    i.HAL_TIMEx_BreakCallback                0x080009e0   Section        0  stm32f0xx_hal_tim_ex.o(i.HAL_TIMEx_BreakCallback)
    i.HAL_TIMEx_CommutationCallback          0x080009e2   Section        0  stm32f0xx_hal_tim_ex.o(i.HAL_TIMEx_CommutationCallback)
    i.HAL_TIM_Base_Init                      0x080009e4   Section        0  stm32f0xx_hal_tim.o(i.HAL_TIM_Base_Init)
    i.HAL_TIM_Base_MspInit                   0x08000a14   Section        0  stm32f0xx_hal_msp.o(i.HAL_TIM_Base_MspInit)
    i.HAL_TIM_Base_Start_IT                  0x08000a38   Section        0  stm32f0xx_hal_tim.o(i.HAL_TIM_Base_Start_IT)
    i.HAL_TIM_IC_CaptureCallback             0x08000a4e   Section        0  stm32f0xx_hal_tim.o(i.HAL_TIM_IC_CaptureCallback)
    i.HAL_TIM_IRQHandler                     0x08000a50   Section        0  stm32f0xx_hal_tim.o(i.HAL_TIM_IRQHandler)
    i.HAL_TIM_OC_DelayElapsedCallback        0x08000bb2   Section        0  stm32f0xx_hal_tim.o(i.HAL_TIM_OC_DelayElapsedCallback)
    i.HAL_TIM_PWM_PulseFinishedCallback      0x08000bb4   Section        0  stm32f0xx_hal_tim.o(i.HAL_TIM_PWM_PulseFinishedCallback)
    i.HAL_TIM_PeriodElapsedCallback          0x08000bb6   Section        0  main.o(i.HAL_TIM_PeriodElapsedCallback)
    i.HAL_TIM_TriggerCallback                0x08000bc0   Section        0  stm32f0xx_hal_tim.o(i.HAL_TIM_TriggerCallback)
    i.HardFault_Handler                      0x08000bc2   Section        0  stm32f0xx_it.o(i.HardFault_Handler)
    i.NMI_Handler                            0x08000bc4   Section        0  stm32f0xx_it.o(i.NMI_Handler)
    i.NVIC_SetPriority                       0x08000bc8   Section        0  stm32f0xx_hal_cortex.o(i.NVIC_SetPriority)
    NVIC_SetPriority                         0x08000bc9   Thumb Code    60  stm32f0xx_hal_cortex.o(i.NVIC_SetPriority)
    i.PendSV_Handler                         0x08000c0c   Section        0  stm32f0xx_it.o(i.PendSV_Handler)
    i.SVC_Handler                            0x08000c0e   Section        0  stm32f0xx_it.o(i.SVC_Handler)
    i.SysTick_Handler                        0x08000c10   Section        0  stm32f0xx_it.o(i.SysTick_Handler)
    i.SystemInit                             0x08000c18   Section        0  system_stm32f0xx.o(i.SystemInit)
    i.TIM2_IRQHandler                        0x08000c74   Section        0  stm32f0xx_it.o(i.TIM2_IRQHandler)
    i.TIM_Base_SetConfig                     0x08000c84   Section        0  stm32f0xx_hal_tim.o(i.TIM_Base_SetConfig)
    i.__scatterload_copy                     0x08000d10   Section       14  handlers.o(i.__scatterload_copy)
    i.__scatterload_null                     0x08000d1e   Section        2  handlers.o(i.__scatterload_null)
    i.__scatterload_zeroinit                 0x08000d20   Section       14  handlers.o(i.__scatterload_zeroinit)
    i.main                                   0x08000d30   Section        0  main.o(i.main)
    .constdata                               0x08000dc4   Section        6  stm32f0xx_nucleo.o(.constdata)
    .constdata                               0x08000dca   Section       16  stm32f0xx_hal_rcc.o(.constdata)
    .constdata                               0x08000dda   Section       32  stm32f0xx_hal_rcc_ex.o(.constdata)
    .data                                    0x20000000   Section        8  stm32f0xx_nucleo.o(.data)
    .data                                    0x20000008   Section       20  system_stm32f0xx.o(.data)
    .data                                    0x2000001c   Section        4  stm32f0xx_hal.o(.data)
    uwTick                                   0x2000001c   Data           4  stm32f0xx_hal.o(.data)
    .data                                    0x20000020   Section        4  main.o(.data)
    .bss                                     0x20000024   Section       60  main.o(.bss)
    STACK                                    0x20000060   Section     1024  startup_stm32f091xc.o(STACK)

    Global Symbols

    Symbol Name                              Value     Ov Type        Size  Object(Section)

    BuildAttributes$$THM_ISAv3M$S$PE$A:L22$X:L11$S22$IEEE1$IW$USESV6$~STKCKD$USESV7$~SHL$OSPACE$EBA8$MICROLIB$REQ8$PRES8$EABIv2 0x00000000   Number         0  anon$$obj.o ABSOLUTE
    __ARM_use_no_argv                        0x00000000   Number         0  main.o ABSOLUTE
    __cpp_initialize__aeabi_                  - Undefined Weak Reference
    __cxa_finalize                            - Undefined Weak Reference
    __decompress                              - Undefined Weak Reference
    _clock_init                               - Undefined Weak Reference
    _microlib_exit                            - Undefined Weak Reference
    __Vectors_Size                           0x000000bc   Number         0  startup_stm32f091xc.o ABSOLUTE
    __Vectors                                0x08000000   Data           4  startup_stm32f091xc.o(RESET)
    __Vectors_End                            0x080000bc   Data           0  startup_stm32f091xc.o(RESET)
    __main                                   0x080000bd   Thumb Code     0  entry.o(.ARM.Collect$$$$00000000)
    _main_stk                                0x080000bd   Thumb Code     0  entry2.o(.ARM.Collect$$$$00000001)
    _main_scatterload                        0x080000c1   Thumb Code     0  entry5.o(.ARM.Collect$$$$00000004)
    __main_after_scatterload                 0x080000c5   Thumb Code     0  entry5.o(.ARM.Collect$$$$00000004)
    _main_clock                              0x080000c5   Thumb Code     0  entry7b.o(.ARM.Collect$$$$00000008)
    _main_cpp_init                           0x080000c5   Thumb Code     0  entry8b.o(.ARM.Collect$$$$0000000A)
    _main_init                               0x080000c5   Thumb Code     0  entry9a.o(.ARM.Collect$$$$0000000B)
    __rt_final_cpp                           0x080000cd   Thumb Code     0  entry10a.o(.ARM.Collect$$$$0000000D)
    __rt_final_exit                          0x080000cd   Thumb Code     0  entry11a.o(.ARM.Collect$$$$0000000F)
    Reset_Handler                            0x080000d1   Thumb Code     8  startup_stm32f091xc.o(.text)
    ADC1_COMP_IRQHandler                     0x080000e3   Thumb Code     0  startup_stm32f091xc.o(.text)
    CEC_CAN_IRQHandler                       0x080000e3   Thumb Code     0  startup_stm32f091xc.o(.text)
    DMA1_Ch1_IRQHandler                      0x080000e3   Thumb Code     0  startup_stm32f091xc.o(.text)
    DMA1_Ch2_3_DMA2_Ch1_2_IRQHandler         0x080000e3   Thumb Code     0  startup_stm32f091xc.o(.text)
    DMA1_Ch4_7_DMA2_Ch3_5_IRQHandler         0x080000e3   Thumb Code     0  startup_stm32f091xc.o(.text)
    EXTI0_1_IRQHandler                       0x080000e3   Thumb Code     0  startup_stm32f091xc.o(.text)
    EXTI2_3_IRQHandler                       0x080000e3   Thumb Code     0  startup_stm32f091xc.o(.text)
    EXTI4_15_IRQHandler                      0x080000e3   Thumb Code     0  startup_stm32f091xc.o(.text)
    FLASH_IRQHandler                         0x080000e3   Thumb Code     0  startup_stm32f091xc.o(.text)
    I2C1_IRQHandler                          0x080000e3   Thumb Code     0  startup_stm32f091xc.o(.text)
    I2C2_IRQHandler                          0x080000e3   Thumb Code     0  startup_stm32f091xc.o(.text)
    PVD_VDDIO2_IRQHandler                    0x080000e3   Thumb Code     0  startup_stm32f091xc.o(.text)
    RCC_CRS_IRQHandler                       0x080000e3   Thumb Code     0  startup_stm32f091xc.o(.text)
    RTC_IRQHandler                           0x080000e3   Thumb Code     0  startup_stm32f091xc.o(.text)
    SPI1_IRQHandler                          0x080000e3   Thumb Code     0  startup_stm32f091xc.o(.text)
    SPI2_IRQHandler                          0x080000e3   Thumb Code     0  startup_stm32f091xc.o(.text)
    TIM14_IRQHandler                         0x080000e3   Thumb Code     0  startup_stm32f091xc.o(.text)
    TIM15_IRQHandler                         0x080000e3   Thumb Code     0  startup_stm32f091xc.o(.text)
    TIM16_IRQHandler                         0x080000e3   Thumb Code     0  startup_stm32f091xc.o(.text)
    TIM17_IRQHandler                         0x080000e3   Thumb Code     0  startup_stm32f091xc.o(.text)
    TIM1_BRK_UP_TRG_COM_IRQHandler           0x080000e3   Thumb Code     0  startup_stm32f091xc.o(.text)
    TIM1_CC_IRQHandler                       0x080000e3   Thumb Code     0  startup_stm32f091xc.o(.text)
    TIM3_IRQHandler                          0x080000e3   Thumb Code     0  startup_stm32f091xc.o(.text)
    TIM6_DAC_IRQHandler                      0x080000e3   Thumb Code     0  startup_stm32f091xc.o(.text)
    TIM7_IRQHandler                          0x080000e3   Thumb Code     0  startup_stm32f091xc.o(.text)
    TSC_IRQHandler                           0x080000e3   Thumb Code     0  startup_stm32f091xc.o(.text)
    USART1_IRQHandler                        0x080000e3   Thumb Code     0  startup_stm32f091xc.o(.text)
    USART2_IRQHandler                        0x080000e3   Thumb Code     0  startup_stm32f091xc.o(.text)
    USART3_8_IRQHandler                      0x080000e3   Thumb Code     0  startup_stm32f091xc.o(.text)
    WWDG_IRQHandler                          0x080000e3   Thumb Code     0  startup_stm32f091xc.o(.text)
    __aeabi_uidiv                            0x080000ed   Thumb Code     0  uidiv.o(.text)
    __aeabi_uidivmod                         0x080000ed   Thumb Code    44  uidiv.o(.text)
    __scatterload                            0x08000119   Thumb Code    28  init.o(.text)
    __scatterload_rt2                        0x08000119   Thumb Code     0  init.o(.text)
    BSP_LED_Init                             0x0800013d   Thumb Code    54  stm32f0xx_nucleo.o(i.BSP_LED_Init)
    BSP_LED_On                               0x08000181   Thumb Code    22  stm32f0xx_nucleo.o(i.BSP_LED_On)
    BSP_LED_Toggle                           0x080001a1   Thumb Code    20  stm32f0xx_nucleo.o(i.BSP_LED_Toggle)
    HAL_GPIO_Init                            0x080001c5   Thumb Code   308  stm32f0xx_hal_gpio.o(i.HAL_GPIO_Init)
    HAL_GPIO_TogglePin                       0x08000315   Thumb Code     8  stm32f0xx_hal_gpio.o(i.HAL_GPIO_TogglePin)
    HAL_GPIO_WritePin                        0x0800031d   Thumb Code    12  stm32f0xx_hal_gpio.o(i.HAL_GPIO_WritePin)
    HAL_GetTick                              0x08000329   Thumb Code     6  stm32f0xx_hal.o(i.HAL_GetTick)
    HAL_IncTick                              0x08000335   Thumb Code    10  stm32f0xx_hal.o(i.HAL_IncTick)
    HAL_Init                                 0x08000345   Thumb Code    26  stm32f0xx_hal.o(i.HAL_Init)
    HAL_InitTick                             0x08000365   Thumb Code    34  stm32f0xx_hal.o(i.HAL_InitTick)
    HAL_MspInit                              0x08000387   Thumb Code     2  stm32f0xx_hal.o(i.HAL_MspInit)
    HAL_NVIC_EnableIRQ                       0x08000389   Thumb Code    14  stm32f0xx_hal_cortex.o(i.HAL_NVIC_EnableIRQ)
    HAL_NVIC_SetPriority                     0x0800039d   Thumb Code     8  stm32f0xx_hal_cortex.o(i.HAL_NVIC_SetPriority)
    HAL_RCC_ClockConfig                      0x080003a5   Thumb Code   484  stm32f0xx_hal_rcc_ex.o(i.HAL_RCC_ClockConfig)
    HAL_RCC_GetHCLKFreq                      0x08000595   Thumb Code    26  stm32f0xx_hal_rcc.o(i.HAL_RCC_GetHCLKFreq)
    HAL_RCC_GetSysClockFreq                  0x080005bd   Thumb Code    72  stm32f0xx_hal_rcc_ex.o(i.HAL_RCC_GetSysClockFreq)
    HAL_RCC_OscConfig                        0x08000615   Thumb Code   912  stm32f0xx_hal_rcc_ex.o(i.HAL_RCC_OscConfig)
    HAL_SYSTICK_Config                       0x080009b1   Thumb Code    38  stm32f0xx_hal_cortex.o(i.HAL_SYSTICK_Config)
    HAL_TIMEx_BreakCallback                  0x080009e1   Thumb Code     2  stm32f0xx_hal_tim_ex.o(i.HAL_TIMEx_BreakCallback)
    HAL_TIMEx_CommutationCallback            0x080009e3   Thumb Code     2  stm32f0xx_hal_tim_ex.o(i.HAL_TIMEx_CommutationCallback)
    HAL_TIM_Base_Init                        0x080009e5   Thumb Code    48  stm32f0xx_hal_tim.o(i.HAL_TIM_Base_Init)
    HAL_TIM_Base_MspInit                     0x08000a15   Thumb Code    30  stm32f0xx_hal_msp.o(i.HAL_TIM_Base_MspInit)
    HAL_TIM_Base_Start_IT                    0x08000a39   Thumb Code    22  stm32f0xx_hal_tim.o(i.HAL_TIM_Base_Start_IT)
    HAL_TIM_IC_CaptureCallback               0x08000a4f   Thumb Code     2  stm32f0xx_hal_tim.o(i.HAL_TIM_IC_CaptureCallback)
    HAL_TIM_IRQHandler                       0x08000a51   Thumb Code   354  stm32f0xx_hal_tim.o(i.HAL_TIM_IRQHandler)
    HAL_TIM_OC_DelayElapsedCallback          0x08000bb3   Thumb Code     2  stm32f0xx_hal_tim.o(i.HAL_TIM_OC_DelayElapsedCallback)
    HAL_TIM_PWM_PulseFinishedCallback        0x08000bb5   Thumb Code     2  stm32f0xx_hal_tim.o(i.HAL_TIM_PWM_PulseFinishedCallback)
    HAL_TIM_PeriodElapsedCallback            0x08000bb7   Thumb Code    10  main.o(i.HAL_TIM_PeriodElapsedCallback)
    HAL_TIM_TriggerCallback                  0x08000bc1   Thumb Code     2  stm32f0xx_hal_tim.o(i.HAL_TIM_TriggerCallback)
    HardFault_Handler                        0x08000bc3   Thumb Code     2  stm32f0xx_it.o(i.HardFault_Handler)
    NMI_Handler                              0x08000bc5   Thumb Code     2  stm32f0xx_it.o(i.NMI_Handler)
    PendSV_Handler                           0x08000c0d   Thumb Code     2  stm32f0xx_it.o(i.PendSV_Handler)
    SVC_Handler                              0x08000c0f   Thumb Code     2  stm32f0xx_it.o(i.SVC_Handler)
    SysTick_Handler                          0x08000c11   Thumb Code     8  stm32f0xx_it.o(i.SysTick_Handler)
    SystemInit                               0x08000c19   Thumb Code    76  system_stm32f0xx.o(i.SystemInit)
    TIM2_IRQHandler                          0x08000c75   Thumb Code    10  stm32f0xx_it.o(i.TIM2_IRQHandler)
    TIM_Base_SetConfig                       0x08000c85   Thumb Code   116  stm32f0xx_hal_tim.o(i.TIM_Base_SetConfig)
    __scatterload_copy                       0x08000d11   Thumb Code    14  handlers.o(i.__scatterload_copy)
    __scatterload_null                       0x08000d1f   Thumb Code     2  handlers.o(i.__scatterload_null)
    __scatterload_zeroinit                   0x08000d21   Thumb Code    14  handlers.o(i.__scatterload_zeroinit)
    main                                     0x08000d31   Thumb Code   130  main.o(i.main)
    BUTTON_IRQn                              0x08000dc4   Data           1  stm32f0xx_nucleo.o(.constdata)
    LED_PIN                                  0x08000dc6   Data           2  stm32f0xx_nucleo.o(.constdata)
    BUTTON_PIN                               0x08000dc8   Data           2  stm32f0xx_nucleo.o(.constdata)
    APBAHBPrescTable                         0x08000dca   Data          16  stm32f0xx_hal_rcc.o(.constdata)
    PLLMULFactorTable                        0x08000dda   Data          16  stm32f0xx_hal_rcc_ex.o(.constdata)
    PredivFactorTable                        0x08000dea   Data          16  stm32f0xx_hal_rcc_ex.o(.constdata)
    Region$$Table$$Base                      0x08000dfc   Number         0  anon$$obj.o(Region$$Table)
    Region$$Table$$Limit                     0x08000e1c   Number         0  anon$$obj.o(Region$$Table)
    LED_PORT                                 0x20000000   Data           4  stm32f0xx_nucleo.o(.data)
    BUTTON_PORT                              0x20000004   Data           4  stm32f0xx_nucleo.o(.data)
    SystemCoreClock                          0x20000008   Data           4  system_stm32f0xx.o(.data)
    AHBPrescTable                            0x2000000c   Data          16  system_stm32f0xx.o(.data)
    uwPrescalerValue                         0x20000020   Data           4  main.o(.data)
    TimHandle                                0x20000024   Data          60  main.o(.bss)
    __initial_sp                             0x20000460   Data           0  startup_stm32f091xc.o(STACK)



==============================================================================

Memory Map of the image

  Image Entry point : 0x080000bd

  Load Region LR_IROM1 (Base: 0x08000000, Size: 0x00000e40, Max: 0x00040000, ABSOLUTE)

    Execution Region ER_IROM1 (Base: 0x08000000, Size: 0x00000e1c, Max: 0x00040000, ABSOLUTE)

    Base Addr    Size         Type   Attr      Idx    E Section Name        Object

    0x08000000   0x000000bc   Data   RO         1542    RESET               startup_stm32f091xc.o
    0x080000bc   0x00000000   Code   RO         1659  * .ARM.Collect$$$$00000000  mc_p.l(entry.o)
    0x080000bc   0x00000004   Code   RO         1664    .ARM.Collect$$$$00000001  mc_p.l(entry2.o)
    0x080000c0   0x00000004   Code   RO         1667    .ARM.Collect$$$$00000004  mc_p.l(entry5.o)
    0x080000c4   0x00000000   Code   RO         1669    .ARM.Collect$$$$00000008  mc_p.l(entry7b.o)
    0x080000c4   0x00000000   Code   RO         1671    .ARM.Collect$$$$0000000A  mc_p.l(entry8b.o)
    0x080000c4   0x00000008   Code   RO         1672    .ARM.Collect$$$$0000000B  mc_p.l(entry9a.o)
    0x080000cc   0x00000000   Code   RO         1674    .ARM.Collect$$$$0000000D  mc_p.l(entry10a.o)
    0x080000cc   0x00000000   Code   RO         1676    .ARM.Collect$$$$0000000F  mc_p.l(entry11a.o)
    0x080000cc   0x00000004   Code   RO         1665    .ARM.Collect$$$$00002712  mc_p.l(entry2.o)
    0x080000d0   0x0000001c   Code   RO         1543    .text               startup_stm32f091xc.o
    0x080000ec   0x0000002c   Code   RO         1662    .text               mc_p.l(uidiv.o)
    0x08000118   0x00000024   Code   RO         1678    .text               mc_p.l(init.o)
    0x0800013c   0x00000044   Code   RO            4    i.BSP_LED_Init      stm32f0xx_nucleo.o
    0x08000180   0x00000020   Code   RO            6    i.BSP_LED_On        stm32f0xx_nucleo.o
    0x080001a0   0x0000001c   Code   RO            7    i.BSP_LED_Toggle    stm32f0xx_nucleo.o
    0x080001bc   0x00000008   Code   RO         1549    i.Error_Handler     main.o
    0x080001c4   0x00000150   Code   RO          453    i.HAL_GPIO_Init     stm32f0xx_hal_gpio.o
    0x08000314   0x00000008   Code   RO          456    i.HAL_GPIO_TogglePin  stm32f0xx_hal_gpio.o
    0x0800031c   0x0000000c   Code   RO          457    i.HAL_GPIO_WritePin  stm32f0xx_hal_gpio.o
    0x08000328   0x0000000c   Code   RO          174    i.HAL_GetTick       stm32f0xx_hal.o
    0x08000334   0x00000010   Code   RO          175    i.HAL_IncTick       stm32f0xx_hal.o
    0x08000344   0x00000020   Code   RO          176    i.HAL_Init          stm32f0xx_hal.o
    0x08000364   0x00000022   Code   RO          177    i.HAL_InitTick      stm32f0xx_hal.o
    0x08000386   0x00000002   Code   RO          179    i.HAL_MspInit       stm32f0xx_hal.o
    0x08000388   0x00000014   Code   RO          285    i.HAL_NVIC_EnableIRQ  stm32f0xx_hal_cortex.o
    0x0800039c   0x00000008   Code   RO          289    i.HAL_NVIC_SetPriority  stm32f0xx_hal_cortex.o
    0x080003a4   0x000001f0   Code   RO          613    i.HAL_RCC_ClockConfig  stm32f0xx_hal_rcc_ex.o
    0x08000594   0x00000028   Code   RO          518    i.HAL_RCC_GetHCLKFreq  stm32f0xx_hal_rcc.o
    0x080005bc   0x00000058   Code   RO          614    i.HAL_RCC_GetSysClockFreq  stm32f0xx_hal_rcc_ex.o
    0x08000614   0x0000039c   Code   RO          615    i.HAL_RCC_OscConfig  stm32f0xx_hal_rcc_ex.o
    0x080009b0   0x00000030   Code   RO          293    i.HAL_SYSTICK_Config  stm32f0xx_hal_cortex.o
    0x080009e0   0x00000002   Code   RO         1307    i.HAL_TIMEx_BreakCallback  stm32f0xx_hal_tim_ex.o
    0x080009e2   0x00000002   Code   RO         1308    i.HAL_TIMEx_CommutationCallback  stm32f0xx_hal_tim_ex.o
    0x080009e4   0x00000030   Code   RO          680    i.HAL_TIM_Base_Init  stm32f0xx_hal_tim.o
    0x08000a14   0x00000024   Code   RO         1587    i.HAL_TIM_Base_MspInit  stm32f0xx_hal_msp.o
    0x08000a38   0x00000016   Code   RO          685    i.HAL_TIM_Base_Start_IT  stm32f0xx_hal_tim.o
    0x08000a4e   0x00000002   Code   RO          712    i.HAL_TIM_IC_CaptureCallback  stm32f0xx_hal_tim.o
    0x08000a50   0x00000162   Code   RO          725    i.HAL_TIM_IRQHandler  stm32f0xx_hal_tim.o
    0x08000bb2   0x00000002   Code   RO          728    i.HAL_TIM_OC_DelayElapsedCallback  stm32f0xx_hal_tim.o
    0x08000bb4   0x00000002   Code   RO          755    i.HAL_TIM_PWM_PulseFinishedCallback  stm32f0xx_hal_tim.o
    0x08000bb6   0x0000000a   Code   RO         1550    i.HAL_TIM_PeriodElapsedCallback  main.o
    0x08000bc0   0x00000002   Code   RO          766    i.HAL_TIM_TriggerCallback  stm32f0xx_hal_tim.o
    0x08000bc2   0x00000002   Code   RO         1607    i.HardFault_Handler  stm32f0xx_it.o
    0x08000bc4   0x00000002   Code   RO         1608    i.NMI_Handler       stm32f0xx_it.o
    0x08000bc6   0x00000002   PAD
    0x08000bc8   0x00000044   Code   RO          295    i.NVIC_SetPriority  stm32f0xx_hal_cortex.o
    0x08000c0c   0x00000002   Code   RO         1609    i.PendSV_Handler    stm32f0xx_it.o
    0x08000c0e   0x00000002   Code   RO         1610    i.SVC_Handler       stm32f0xx_it.o
    0x08000c10   0x00000008   Code   RO         1611    i.SysTick_Handler   stm32f0xx_it.o
    0x08000c18   0x0000005c   Code   RO          134    i.SystemInit        system_stm32f0xx.o
    0x08000c74   0x00000010   Code   RO         1612    i.TIM2_IRQHandler   stm32f0xx_it.o
    0x08000c84   0x0000008c   Code   RO          767    i.TIM_Base_SetConfig  stm32f0xx_hal_tim.o
    0x08000d10   0x0000000e   Code   RO         1682    i.__scatterload_copy  mc_p.l(handlers.o)
    0x08000d1e   0x00000002   Code   RO         1683    i.__scatterload_null  mc_p.l(handlers.o)
    0x08000d20   0x0000000e   Code   RO         1684    i.__scatterload_zeroinit  mc_p.l(handlers.o)
    0x08000d2e   0x00000002   PAD
    0x08000d30   0x00000094   Code   RO         1551    i.main              main.o
    0x08000dc4   0x00000006   Data   RO           10    .constdata          stm32f0xx_nucleo.o
    0x08000dca   0x00000010   Data   RO          525    .constdata          stm32f0xx_hal_rcc.o
    0x08000dda   0x00000020   Data   RO          616    .constdata          stm32f0xx_hal_rcc_ex.o
    0x08000dfa   0x00000002   PAD
    0x08000dfc   0x00000020   Data   RO         1680    Region$$Table       anon$$obj.o


    Execution Region RW_IRAM1 (Base: 0x20000000, Size: 0x00000460, Max: 0x00008000, ABSOLUTE)

    Base Addr    Size         Type   Attr      Idx    E Section Name        Object

    0x20000000   0x00000008   Data   RW           11    .data               stm32f0xx_nucleo.o
    0x20000008   0x00000014   Data   RW          135    .data               system_stm32f0xx.o
    0x2000001c   0x00000004   Data   RW          182    .data               stm32f0xx_hal.o
    0x20000020   0x00000004   Data   RW         1553    .data               main.o
    0x20000024   0x0000003c   Zero   RW         1552    .bss                main.o
    0x20000060   0x00000400   Zero   RW         1540    STACK               startup_stm32f091xc.o


==============================================================================

Image component sizes


      Code (inc. data)   RO Data    RW Data    ZI Data      Debug   Object Name

       166         18          0          4         60       2308   main.o
        28          8        188          0       1024        656   startup_stm32f091xc.o
        96         18          0          4          0       4084   stm32f0xx_hal.o
       144         24          0          0          0       8509   stm32f0xx_hal_cortex.o
       356         28          0          0          0       2989   stm32f0xx_hal_gpio.o
        36          6          0          0          0        883   stm32f0xx_hal_msp.o
        40         14         16          0          0       1649   stm32f0xx_hal_rcc.o
      1508         40         32          0          0       4658   stm32f0xx_hal_rcc_ex.o
       572         24          0          0          0       6831   stm32f0xx_hal_tim.o
         4          0          0          0          0       1830   stm32f0xx_hal_tim_ex.o
        32          6          0          0          0       2885   stm32f0xx_it.o
       128         32          6          8          0     255551   stm32f0xx_nucleo.o
        92         16          0         20          0       1281   system_stm32f0xx.o

    ----------------------------------------------------------------------
      3204        234        276         36       1084     294114   Object Totals
         0          0         32          0          0          0   (incl. Generated)
         2          0          2          0          0          0   (incl. Padding)

    ----------------------------------------------------------------------

      Code (inc. data)   RO Data    RW Data    ZI Data      Debug   Library Member Name

         0          0          0          0          0          0   entry.o
         0          0          0          0          0          0   entry10a.o
         0          0          0          0          0          0   entry11a.o
         8          4          0          0          0          0   entry2.o
         4          0          0          0          0          0   entry5.o
         0          0          0          0          0          0   entry7b.o
         0          0          0          0          0          0   entry8b.o
         8          4          0          0          0          0   entry9a.o
        30          0          0          0          0          0   handlers.o
        36          8          0          0          0         68   init.o
        44          0          0          0          0         72   uidiv.o

    ----------------------------------------------------------------------
       132         16          0          0          0        140   Library Totals
         2          0          0          0          0          0   (incl. Padding)

    ----------------------------------------------------------------------

      Code (inc. data)   RO Data    RW Data    ZI Data      Debug   Library Name

       130         16          0          0          0        140   mc_p.l

    ----------------------------------------------------------------------
       132         16          0          0          0        140   Library Totals

    ----------------------------------------------------------------------

==============================================================================


      Code (inc. data)   RO Data    RW Data    ZI Data      Debug   

      3336        250        276         36       1084     292822   Grand Totals
      3336        250        276         36       1084     292822   ELF Image Totals
      3336        250        276         36          0          0   ROM Totals

==============================================================================

    Total RO  Size (Code + RO Data)                 3612 (   3.53kB)
    Total RW  Size (RW Data + ZI Data)              1120 (   1.09kB)
    Total ROM Size (Code + RO Data + RW Data)       3648 (   3.56kB)

==============================================================================

