<html>
<body>
<pre>
<h1>µVision Build Log</h1>
<h2>Tool Versions:</h2>
IDE-Version: µVision V5.14.0.0
Copyright (C) 2015 ARM Ltd and ARM Germany GmbH. All rights reserved.
License Information: Karolina M, TNT, LIC=----
 
Tool Versions:
Toolchain:       MDK-Lite  Version: 5.14.0.0
Toolchain Path:  E:\Keil_v5\ARM\ARMCC\Bin
C Compiler:      Armcc.exe V5.05 update 1 (build 106)
Assembler:       Armasm.exe V5.05 update 1 (build 106)
Linker/Locator:  ArmLink.exe V5.05 update 1 (build 106)
Library Manager: ArmAr.exe V5.05 update 1 (build 106)
Hex Converter:   FromElf.exe V5.05 update 1 (build 106)
CPU DLL:         SARMCM3.DLL V5.14.0.0
Dialog DLL:      DARMCM1.DLL V1.12.0.0
Target DLL:      STLink\ST-LINKIII-KEIL_SWO.dll V2.0.14.0_KEIL
Dialog DLL:      TARMCM1.DLL V1.9.0.0
 
<h2>Project:</h2>
D:\Programming\STM_Nucleo\STM32Cube_FW_F0_V1.2.0\stm32f091\Projects\STM32F091RC-Nucleo\Examples\GPIO\p_seminar\MDK-ARM\Project.uvprojx
Project File Date:  05/20/2015

<h2>Output:</h2>
Build target 'STM32F091RC-Nucleo'
compiling main.c...
..\..\..\..\..\..\Drivers\Sensors\inc\AM2303.h(26): warning:  #1-D: last line of file ends without a newline
  void AM2303_Measure(GPIO_TypeDef  *GPIOx, uint16_t GPIO_Pin);
..\Inc\i2c.h(20): warning:  #1295-D: Deprecated declaration I2C_Init - give arg types
  void I2C_Init();
..\Inc\i2c.h(21): warning:  #1295-D: Deprecated declaration I2C_Send - give arg types
  void I2C_Send();
..\Src\main.c(45): warning:  #177-D: variable "uwPrescalerValue" was declared but never referenced
        uint32_t uwPrescalerValue = 0;
..\Src\main.c(46): warning:  #177-D: variable "tmp" was declared but never referenced
        int tmp;
..\Src\main.c: 5 warnings, 0 errors
compiling stm32f0xx_it.c...
..\..\..\..\..\..\Drivers\Sensors\inc\AM2303.h(26): warning:  #1-D: last line of file ends without a newline
  void AM2303_Measure(GPIO_TypeDef  *GPIOx, uint16_t GPIO_Pin);
..\Inc\i2c.h(20): warning:  #1295-D: Deprecated declaration I2C_Init - give arg types
  void I2C_Init();
..\Inc\i2c.h(21): warning:  #1295-D: Deprecated declaration I2C_Send - give arg types
  void I2C_Send();
..\Src\stm32f0xx_it.c: 3 warnings, 0 errors
compiling timer.c...
..\..\..\..\..\..\Drivers\Sensors\inc\AM2303.h(26): warning:  #1-D: last line of file ends without a newline
  void AM2303_Measure(GPIO_TypeDef  *GPIOx, uint16_t GPIO_Pin);
..\Inc\i2c.h(20): warning:  #1295-D: Deprecated declaration I2C_Init - give arg types
  void I2C_Init();
..\Inc\i2c.h(21): warning:  #1295-D: Deprecated declaration I2C_Send - give arg types
  void I2C_Send();
..\Src\timer.c(108): warning:  #1-D: last line of file ends without a newline
  }
..\Src\timer.c: 4 warnings, 0 errors
compiling gpio.c...
..\..\..\..\..\..\Drivers\Sensors\inc\AM2303.h(26): warning:  #1-D: last line of file ends without a newline
  void AM2303_Measure(GPIO_TypeDef  *GPIOx, uint16_t GPIO_Pin);
..\Inc\i2c.h(20): warning:  #1295-D: Deprecated declaration I2C_Init - give arg types
  void I2C_Init();
..\Inc\i2c.h(21): warning:  #1295-D: Deprecated declaration I2C_Send - give arg types
  void I2C_Send();
..\Src\gpio.c: 3 warnings, 0 errors
compiling i2c.c...
..\..\..\..\..\..\Drivers\Sensors\inc\AM2303.h(26): warning:  #1-D: last line of file ends without a newline
  void AM2303_Measure(GPIO_TypeDef  *GPIOx, uint16_t GPIO_Pin);
..\Inc\i2c.h(20): warning:  #1295-D: Deprecated declaration I2C_Init - give arg types
  void I2C_Init();
..\Inc\i2c.h(21): warning:  #1295-D: Deprecated declaration I2C_Send - give arg types
  void I2C_Send();
..\Inc\i2c.h(20): warning:  #1295-D: Deprecated declaration I2C_Init - give arg types
  void I2C_Init();
..\Inc\i2c.h(21): warning:  #1295-D: Deprecated declaration I2C_Send - give arg types
  void I2C_Send();
..\Src\i2c.c: 5 warnings, 0 errors
compiling AM2303.c...
..\..\..\..\..\..\Drivers\Sensors\inc\AM2303.h(26): warning:  #1-D: last line of file ends without a newline
  void AM2303_Measure(GPIO_TypeDef  *GPIOx, uint16_t GPIO_Pin);
..\Inc\i2c.h(20): warning:  #1295-D: Deprecated declaration I2C_Init - give arg types
  void I2C_Init();
..\Inc\i2c.h(21): warning:  #1295-D: Deprecated declaration I2C_Send - give arg types
  void I2C_Send();
..\..\..\..\..\..\Drivers\Sensors\inc\AM2303.h(26): warning:  #1-D: last line of file ends without a newline
  void AM2303_Measure(GPIO_TypeDef  *GPIOx, uint16_t GPIO_Pin);
..\..\..\..\..\..\Drivers\Sensors\src\AM2303.c(45): warning:  #1-D: last line of file ends without a newline
        
..\..\..\..\..\..\Drivers\Sensors\src\AM2303.c: 5 warnings, 0 errors
linking...
Program Size: Code=4080 RO-data=268 RW-data=32 ZI-data=1696  
"STM32F091RC-Nucleo\STM32F091RC-Nucleo.axf" - 0 Error(s), 25 Warning(s).

<h2>Collection of Component include folders:</h2>
  D:\Programming\STM_Nucleo\STM32Cube_FW_F0_V1.2.0\stm32f091\Projects\STM32F091RC-Nucleo\Examples\GPIO\p_seminar\MDK-ARM\RTE
  E:\Keil_v5\ARM\PACK\Keil\STM32F0xx_DFP\1.4.0\Device\Include

<h2>Collection of Component Files used:</h2>
</pre>
</body>
</html>
