<html>
<body>
<pre>
<h1>µVision Build Log</h1>
<h2>Tool Versions:</h2>
IDE-Version: µVision V5.14.0.0
Copyright (C) 2015 ARM Ltd and ARM Germany GmbH. All rights reserved.
License Information: Karolina M, TNT, LIC=----
 
Tool Versions:
Toolchain:       MDK-Lite  Version: 5.14.0.0
Toolchain Path:  E:\Keil_v5\ARM\ARMCC\Bin
C Compiler:      Armcc.exe V5.05 update 1 (build 106)
Assembler:       Armasm.exe V5.05 update 1 (build 106)
Linker/Locator:  ArmLink.exe V5.05 update 1 (build 106)
Library Manager: ArmAr.exe V5.05 update 1 (build 106)
Hex Converter:   FromElf.exe V5.05 update 1 (build 106)
CPU DLL:         SARMCM3.DLL V5.14.0.0
Dialog DLL:      DARMCM1.DLL V1.12.0.0
Target DLL:      STLink\ST-LINKIII-KEIL_SWO.dll V2.0.14.0_KEIL
Dialog DLL:      TARMCM1.DLL V1.9.0.0
 
<h2>Project:</h2>
D:\Programming\STM_Nucleo\STM32Cube_FW_F0_V1.2.0\stm32f091\Projects\STM32F091RC-Nucleo\Examples\GPIO\GPIO_IOToggle\MDK-ARM\Project.uvprojx
Project File Date:  05/15/2015

<h2>Output:</h2>
Build target 'STM32F091RC-Nucleo'
compiling stm32f0xx_nucleo.c...
compiling system_stm32f0xx.c...
compiling stm32f0xx_hal.c...
compiling stm32f0xx_hal_cortex.c...
compiling stm32f0xx_hal_gpio.c...
compiling stm32f0xx_hal_rcc.c...
compiling stm32f0xx_hal_rcc_ex.c...
compiling main.c...
compiling stm32f0xx_it.c...
linking...
Program Size: Code=2528 RO-data=268 RW-data=24 ZI-data=1048  
"STM32F091RC-Nucleo\STM32F091RC-Nucleo.axf" - 0 Error(s), 0 Warning(s).

<h2>Collection of Component include folders:</h2>
  D:\Programming\STM_Nucleo\STM32Cube_FW_F0_V1.2.0\stm32f091\Projects\STM32F091RC-Nucleo\Examples\GPIO\GPIO_IOToggle\MDK-ARM\RTE
  E:\Keil_v5\ARM\PACK\Keil\STM32F0xx_DFP\1.4.0\Device\Include

<h2>Collection of Component Files used:</h2>
</pre>
</body>
</html>
